Component: ARM Compiler 5.06 update 7 (build 960) Tool: armlink [4d3601]

==============================================================================

Section Cross References

    startup_stm32f10x_md.o(RESET) refers to startup_stm32f10x_md.o(STACK) for __initial_sp
    startup_stm32f10x_md.o(RESET) refers to startup_stm32f10x_md.o(.text) for Reset_Handler
    startup_stm32f10x_md.o(RESET) refers to dma.o(i.DMA1_Channel7_IRQHandler) for DMA1_Channel7_IRQHandler
    startup_stm32f10x_md.o(RESET) refers to tim1.o(i.TIM1_UP_IRQHandler) for TIM1_UP_IRQHandler
    startup_stm32f10x_md.o(RESET) refers to hcsr04.o(i.TIM1_CC_IRQHandler) for TIM1_CC_IRQHandler
    startup_stm32f10x_md.o(RESET) refers to usart.o(i.USART1_IRQHandler) for USART1_IRQHandler
    startup_stm32f10x_md.o(.text) refers to system_stm32f10x.o(i.SystemInit) for SystemInit
    startup_stm32f10x_md.o(.text) refers to entry.o(.ARM.Collect$$$$00000000) for __main
    system_stm32f10x.o(i.SetSysClock) refers to system_stm32f10x.o(i.SetSysClockTo72) for SetSysClockTo72
    system_stm32f10x.o(i.SystemCoreClockUpdate) refers to system_stm32f10x.o(.data) for .data
    system_stm32f10x.o(i.SystemInit) refers to system_stm32f10x.o(i.SetSysClock) for SetSysClock
    main.o(i.main) refers to led.o(i.LED_Init) for LED_Init
    main.o(i.main) refers to led.o(i.LED_Toggle) for LED_Toggle
    main.o(i.main) refers to delay.o(i.Delay_ms) for Delay_ms
    main.o(i.main) refers to led.o(.constdata) for LED
    delay.o(i.Delay_ms) refers to delay.o(i.Delay_us) for Delay_us
    delay.o(i.Delay_s) refers to delay.o(i.Delay_ms) for Delay_ms
    led.o(i.LED_Init) refers to led.o(i.LED_Set) for LED_Set
    led.o(i.LED_Init) refers to led.o(.constdata) for .constdata
    led.o(i.LED_Tick) refers to led.o(i.LED_Set) for LED_Set
    led.o(i.LED_Tick) refers to led.o(.data) for .data
    led.o(i.LED_Tick) refers to led.o(.constdata) for .constdata
    key.o(i.Key_Read) refers to key.o(.constdata) for .constdata
    key.o(i.Key_Status) refers to key.o(.data) for .data
    key.o(i.Key_Tick) refers to key.o(i.Key_Read) for Key_Read
    key.o(i.Key_Tick) refers to key.o(.data) for .data
    font.o(.constdata) refers to font.o(.constdata) for ascii_8x6
    font.o(.constdata) refers to font.o(.constdata) for ascii_12x6
    font.o(.constdata) refers to font.o(.constdata) for ascii_16x8
    font.o(.constdata) refers to font.o(.constdata) for ascii_24x12
    font.o(.constdata) refers to font.o(.constdata) for zh16x16
    font.o(.constdata) refers to font.o(.constdata) for afont16x8
    font.o(.constdata) refers to font.o(.constdata) for humidityData
    font.o(.constdata) refers to font.o(.constdata) for tempertureData
    oled.o(i.OLED_ClearFrame) refers to memseta.o(.text) for __aeabi_memclr
    oled.o(i.OLED_ClearFrame) refers to oled.o(.bss) for .bss
    oled.o(i.OLED_DisPlay_Off) refers to oled.o(i.OLED_SendCmd) for OLED_SendCmd
    oled.o(i.OLED_DisPlay_On) refers to oled.o(i.OLED_SendCmd) for OLED_SendCmd
    oled.o(i.OLED_DrawCircle) refers to oled.o(i.OLED_SetPixel) for OLED_SetPixel
    oled.o(i.OLED_DrawEllipse) refers to dfltui.o(.text) for __aeabi_ui2d
    oled.o(i.OLED_DrawEllipse) refers to dadd.o(.text) for __aeabi_drsub
    oled.o(i.OLED_DrawEllipse) refers to dflti.o(.text) for __aeabi_i2d
    oled.o(i.OLED_DrawEllipse) refers to dmul.o(.text) for __aeabi_dmul
    oled.o(i.OLED_DrawEllipse) refers to dfixi.o(.text) for __aeabi_d2iz
    oled.o(i.OLED_DrawEllipse) refers to oled.o(i.OLED_SetPixel) for OLED_SetPixel
    oled.o(i.OLED_DrawFilledCircle) refers to oled.o(i.OLED_SetPixel) for OLED_SetPixel
    oled.o(i.OLED_DrawFilledRectangle) refers to oled.o(i.OLED_DrawLine) for OLED_DrawLine
    oled.o(i.OLED_DrawFilledTriangle) refers to oled.o(i.OLED_DrawLine) for OLED_DrawLine
    oled.o(i.OLED_DrawImage) refers to oled.o(i.OLED_SetBlock) for OLED_SetBlock
    oled.o(i.OLED_DrawLine) refers to oled.o(i.OLED_SetPixel) for OLED_SetPixel
    oled.o(i.OLED_DrawLine) refers to oled.o(.data) for .data
    oled.o(i.OLED_DrawRectangle) refers to oled.o(i.OLED_DrawLine) for OLED_DrawLine
    oled.o(i.OLED_DrawTriangle) refers to oled.o(i.OLED_DrawLine) for OLED_DrawLine
    oled.o(i.OLED_Init) refers to hardi2c.o(i.HardI2C_Init) for HardI2C_Init
    oled.o(i.OLED_Init) refers to oled.o(i.OLED_SendCmd) for OLED_SendCmd
    oled.o(i.OLED_Init) refers to oled.o(i.OLED_ClearFrame) for OLED_ClearFrame
    oled.o(i.OLED_Init) refers to oled.o(i.OLED_ShowFrame) for OLED_ShowFrame
    oled.o(i.OLED_PrintASCIIChar) refers to oled.o(i.OLED_SetBlock) for OLED_SetBlock
    oled.o(i.OLED_PrintASCIIString) refers to oled.o(i.OLED_PrintASCIIChar) for OLED_PrintASCIIChar
    oled.o(i.OLED_PrintString) refers to oled.o(i._OLED_GetUTF8Len) for _OLED_GetUTF8Len
    oled.o(i.OLED_PrintString) refers to memcmp.o(.text) for memcmp
    oled.o(i.OLED_PrintString) refers to oled.o(i.OLED_SetBlock) for OLED_SetBlock
    oled.o(i.OLED_PrintString) refers to oled.o(i.OLED_PrintASCIIChar) for OLED_PrintASCIIChar
    oled.o(i.OLED_SendCmd) refers to oled.o(i.OLED_SendData) for OLED_SendData
    oled.o(i.OLED_SendCmd) refers to oled.o(.data) for .data
    oled.o(i.OLED_SendData) refers to hardi2c.o(i.HardI2C_Start) for HardI2C_Start
    oled.o(i.OLED_SendData) refers to hardi2c.o(i.HardI2C_SendAddr) for HardI2C_SendAddr
    oled.o(i.OLED_SendData) refers to hardi2c.o(i.HardI2C_SendByte) for HardI2C_SendByte
    oled.o(i.OLED_SendData) refers to hardi2c.o(i.HardI2C_Stop) for HardI2C_Stop
    oled.o(i.OLED_SetBits) refers to oled.o(i.OLED_SetByte_Fine) for OLED_SetByte_Fine
    oled.o(i.OLED_SetBits_Fine) refers to oled.o(i.OLED_SetByte_Fine) for OLED_SetByte_Fine
    oled.o(i.OLED_SetBlock) refers to oled.o(i.OLED_SetBits) for OLED_SetBits
    oled.o(i.OLED_SetBlock) refers to oled.o(i.OLED_SetBits_Fine) for OLED_SetBits_Fine
    oled.o(i.OLED_SetByte) refers to oled.o(.bss) for .bss
    oled.o(i.OLED_SetByte_Fine) refers to oled.o(.data) for .data
    oled.o(i.OLED_SetByte_Fine) refers to oled.o(.bss) for .bss
    oled.o(i.OLED_SetColorMode) refers to oled.o(i.OLED_SendCmd) for OLED_SendCmd
    oled.o(i.OLED_SetPixel) refers to oled.o(.bss) for .bss
    oled.o(i.OLED_ShowFrame) refers to oled.o(i.OLED_SendCmd) for OLED_SendCmd
    oled.o(i.OLED_ShowFrame) refers to memcpya.o(.text) for __aeabi_memcpy
    oled.o(i.OLED_ShowFrame) refers to oled.o(i.OLED_SendData) for OLED_SendData
    oled.o(i.OLED_ShowFrame) refers to oled.o(.bss) for .bss
    usart.o(i.USART1_IRQHandler) refers to usart.o(.data) for .data
    usart.o(i.USART1_IRQHandler) refers to usart.o(.bss) for .bss
    usart.o(i.USART1_ReceiveString) refers to usart.o(i.USART1_ReceiveChar) for USART1_ReceiveChar
    usart.o(i.USART1_SendString) refers to usart.o(i.USART1_SendChar) for USART1_SendChar
    usart.o(i.fputc) refers to usart.o(i.USART1_SendChar) for USART1_SendChar
    softi2c.o(i.SoftI2C_ACK) refers to delay.o(i.Delay_us) for Delay_us
    softi2c.o(i.SoftI2C_NACK) refers to delay.o(i.Delay_us) for Delay_us
    softi2c.o(i.SoftI2C_ReadByte) refers to delay.o(i.Delay_us) for Delay_us
    softi2c.o(i.SoftI2C_SendByte) refers to delay.o(i.Delay_us) for Delay_us
    softi2c.o(i.SoftI2C_Start) refers to delay.o(i.Delay_us) for Delay_us
    softi2c.o(i.SoftI2C_Stop) refers to delay.o(i.Delay_us) for Delay_us
    softi2c.o(i.SoftI2C_Wait4Ack) refers to delay.o(i.Delay_us) for Delay_us
    tim1.o(i.TIM1_UP_IRQHandler) refers to tim1.o(i.TIM1_Stop) for TIM1_Stop
    hcsr04.o(i.HCSR04_Trigger) refers to delay.o(i.Delay_us) for Delay_us
    hcsr04.o(i.TIM1_CC_IRQHandler) refers to dflti.o(.text) for __aeabi_i2d
    hcsr04.o(i.TIM1_CC_IRQHandler) refers to dmul.o(.text) for __aeabi_dmul
    hcsr04.o(i.TIM1_CC_IRQHandler) refers to dscalb.o(.text) for __ARM_scalbn
    hcsr04.o(i.TIM1_CC_IRQHandler) refers to d2f.o(.text) for __aeabi_d2f
    hcsr04.o(i.TIM1_CC_IRQHandler) refers to hcsr04.o(.data) for .data
    adc.o(i.ADC1_ReadV) refers to dfltui.o(.text) for __aeabi_ui2d
    adc.o(i.ADC1_ReadV) refers to dmul.o(.text) for __aeabi_dmul
    adc.o(i.ADC1_ReadV) refers to ddiv.o(.text) for __aeabi_ddiv
    softspi.o(i.SoftSPI_Init) refers to delay.o(i.Delay_us) for Delay_us
    softspi.o(i.SoftSPI_SwapByte) refers to delay.o(i.Delay_us) for Delay_us
    w25q64.o(i.W25Q64_EraseSector) refers to w25q64.o(i.W25Q64_WaitNotBusy) for W25Q64_WaitNotBusy
    w25q64.o(i.W25Q64_EraseSector) refers to w25q64.o(i.W25Q64_WriteEnable) for W25Q64_WriteEnable
    w25q64.o(i.W25Q64_EraseSector) refers to softspi.o(i.SoftSPI_Start) for SoftSPI_Start
    w25q64.o(i.W25Q64_EraseSector) refers to softspi.o(i.SoftSPI_SwapByte) for SoftSPI_SwapByte
    w25q64.o(i.W25Q64_EraseSector) refers to softspi.o(i.SoftSPI_Stop) for SoftSPI_Stop
    w25q64.o(i.W25Q64_EraseSector) refers to w25q64.o(i.W25Q64_WriteDisable) for W25Q64_WriteDisable
    w25q64.o(i.W25Q64_Init) refers to softspi.o(i.SoftSPI_Init) for SoftSPI_Init
    w25q64.o(i.W25Q64_PageWrite) refers to w25q64.o(i.W25Q64_WaitNotBusy) for W25Q64_WaitNotBusy
    w25q64.o(i.W25Q64_PageWrite) refers to w25q64.o(i.W25Q64_WriteEnable) for W25Q64_WriteEnable
    w25q64.o(i.W25Q64_PageWrite) refers to softspi.o(i.SoftSPI_Start) for SoftSPI_Start
    w25q64.o(i.W25Q64_PageWrite) refers to softspi.o(i.SoftSPI_SwapByte) for SoftSPI_SwapByte
    w25q64.o(i.W25Q64_PageWrite) refers to softspi.o(i.SoftSPI_Stop) for SoftSPI_Stop
    w25q64.o(i.W25Q64_PageWrite) refers to w25q64.o(i.W25Q64_WriteDisable) for W25Q64_WriteDisable
    w25q64.o(i.W25Q64_RandomRead) refers to w25q64.o(i.W25Q64_WaitNotBusy) for W25Q64_WaitNotBusy
    w25q64.o(i.W25Q64_RandomRead) refers to softspi.o(i.SoftSPI_Start) for SoftSPI_Start
    w25q64.o(i.W25Q64_RandomRead) refers to softspi.o(i.SoftSPI_SwapByte) for SoftSPI_SwapByte
    w25q64.o(i.W25Q64_RandomRead) refers to softspi.o(i.SoftSPI_Stop) for SoftSPI_Stop
    w25q64.o(i.W25Q64_RandomWrite) refers to w25q64.o(i.W25Q64_WaitNotBusy) for W25Q64_WaitNotBusy
    w25q64.o(i.W25Q64_RandomWrite) refers to w25q64.o(i.W25Q64_WriteEnable) for W25Q64_WriteEnable
    w25q64.o(i.W25Q64_RandomWrite) refers to softspi.o(i.SoftSPI_Start) for SoftSPI_Start
    w25q64.o(i.W25Q64_RandomWrite) refers to softspi.o(i.SoftSPI_SwapByte) for SoftSPI_SwapByte
    w25q64.o(i.W25Q64_RandomWrite) refers to softspi.o(i.SoftSPI_Stop) for SoftSPI_Stop
    w25q64.o(i.W25Q64_RandomWrite) refers to w25q64.o(i.W25Q64_WriteDisable) for W25Q64_WriteDisable
    w25q64.o(i.W25Q64_Read) refers to w25q64.o(i.W25Q64_WaitNotBusy) for W25Q64_WaitNotBusy
    w25q64.o(i.W25Q64_Read) refers to softspi.o(i.SoftSPI_Start) for SoftSPI_Start
    w25q64.o(i.W25Q64_Read) refers to softspi.o(i.SoftSPI_SwapByte) for SoftSPI_SwapByte
    w25q64.o(i.W25Q64_Read) refers to softspi.o(i.SoftSPI_Stop) for SoftSPI_Stop
    w25q64.o(i.W25Q64_ReadID) refers to softspi.o(i.SoftSPI_Start) for SoftSPI_Start
    w25q64.o(i.W25Q64_ReadID) refers to softspi.o(i.SoftSPI_SwapByte) for SoftSPI_SwapByte
    w25q64.o(i.W25Q64_ReadID) refers to softspi.o(i.SoftSPI_Stop) for SoftSPI_Stop
    w25q64.o(i.W25Q64_WaitNotBusy) refers to softspi.o(i.SoftSPI_Start) for SoftSPI_Start
    w25q64.o(i.W25Q64_WaitNotBusy) refers to softspi.o(i.SoftSPI_SwapByte) for SoftSPI_SwapByte
    w25q64.o(i.W25Q64_WaitNotBusy) refers to softspi.o(i.SoftSPI_Stop) for SoftSPI_Stop
    w25q64.o(i.W25Q64_WriteDisable) refers to softspi.o(i.SoftSPI_Start) for SoftSPI_Start
    w25q64.o(i.W25Q64_WriteDisable) refers to softspi.o(i.SoftSPI_SwapByte) for SoftSPI_SwapByte
    w25q64.o(i.W25Q64_WriteDisable) refers to softspi.o(i.SoftSPI_Stop) for SoftSPI_Stop
    w25q64.o(i.W25Q64_WriteEnable) refers to softspi.o(i.SoftSPI_Start) for SoftSPI_Start
    w25q64.o(i.W25Q64_WriteEnable) refers to softspi.o(i.SoftSPI_SwapByte) for SoftSPI_SwapByte
    w25q64.o(i.W25Q64_WriteEnable) refers to softspi.o(i.SoftSPI_Stop) for SoftSPI_Stop
    entry.o(.ARM.Collect$$$$00000000) refers (Special) to entry10a.o(.ARM.Collect$$$$0000000F) for __rt_final_cpp
    entry.o(.ARM.Collect$$$$00000000) refers (Special) to entry11a.o(.ARM.Collect$$$$00000011) for __rt_final_exit
    entry.o(.ARM.Collect$$$$00000000) refers (Special) to entry12b.o(.ARM.Collect$$$$0000000E) for __rt_lib_shutdown_fini
    entry.o(.ARM.Collect$$$$00000000) refers (Special) to entry7b.o(.ARM.Collect$$$$00000008) for _main_clock
    entry.o(.ARM.Collect$$$$00000000) refers (Special) to entry8b.o(.ARM.Collect$$$$0000000A) for _main_cpp_init
    entry.o(.ARM.Collect$$$$00000000) refers (Special) to entry9a.o(.ARM.Collect$$$$0000000B) for _main_init
    entry.o(.ARM.Collect$$$$00000000) refers (Special) to entry5.o(.ARM.Collect$$$$00000004) for _main_scatterload
    entry.o(.ARM.Collect$$$$00000000) refers (Special) to entry2.o(.ARM.Collect$$$$00000001) for _main_stk
    dadd.o(.text) refers (Special) to iusefp.o(.text) for __I$use$fp
    dadd.o(.text) refers to llshl.o(.text) for __aeabi_llsl
    dadd.o(.text) refers to llsshr.o(.text) for __aeabi_lasr
    dadd.o(.text) refers to depilogue.o(.text) for _double_epilogue
    dmul.o(.text) refers (Special) to iusefp.o(.text) for __I$use$fp
    dmul.o(.text) refers to depilogue.o(.text) for _double_epilogue
    ddiv.o(.text) refers (Special) to iusefp.o(.text) for __I$use$fp
    ddiv.o(.text) refers to depilogue.o(.text) for _double_round
    dscalb.o(.text) refers (Special) to iusefp.o(.text) for __I$use$fp
    dflti.o(.text) refers (Special) to iusefp.o(.text) for __I$use$fp
    dflti.o(.text) refers to depilogue.o(.text) for _double_epilogue
    dfltui.o(.text) refers (Special) to iusefp.o(.text) for __I$use$fp
    dfltui.o(.text) refers to depilogue.o(.text) for _double_epilogue
    dfixi.o(.text) refers (Special) to iusefp.o(.text) for __I$use$fp
    dfixi.o(.text) refers to llushr.o(.text) for __aeabi_llsr
    d2f.o(.text) refers (Special) to iusefp.o(.text) for __I$use$fp
    d2f.o(.text) refers to fepilogue.o(.text) for _float_round
    entry2.o(.ARM.Collect$$$$00000001) refers to entry2.o(.ARM.Collect$$$$00002712) for __lit__00000000
    entry2.o(.ARM.Collect$$$$00002712) refers to startup_stm32f10x_md.o(STACK) for __initial_sp
    entry2.o(__vectab_stack_and_reset_area) refers to startup_stm32f10x_md.o(STACK) for __initial_sp
    entry2.o(__vectab_stack_and_reset_area) refers to entry.o(.ARM.Collect$$$$00000000) for __main
    entry5.o(.ARM.Collect$$$$00000004) refers to init.o(.text) for __scatterload
    entry9a.o(.ARM.Collect$$$$0000000B) refers to main.o(i.main) for main
    entry9b.o(.ARM.Collect$$$$0000000C) refers to main.o(i.main) for main
    depilogue.o(.text) refers to llshl.o(.text) for __aeabi_llsl
    depilogue.o(.text) refers to llushr.o(.text) for __aeabi_llsr
    init.o(.text) refers to entry5.o(.ARM.Collect$$$$00000004) for __main_after_scatterload


==============================================================================

Removing Unused input sections from the image.

    Removing core_cm3.o(.emb_text), (32 bytes).
    Removing startup_stm32f10x_md.o(HEAP), (512 bytes).
    Removing system_stm32f10x.o(i.SystemCoreClockUpdate), (124 bytes).
    Removing system_stm32f10x.o(.data), (20 bytes).
    Removing delay.o(i.Delay_s), (24 bytes).
    Removing timer.o(i.Timer2_Init), (104 bytes).
    Removing led.o(i.LED_Tick), (192 bytes).
    Removing led.o(.data), (4 bytes).
    Removing key.o(i.KEY_Init), (88 bytes).
    Removing key.o(i.Key_Read), (32 bytes).
    Removing key.o(i.Key_Status), (32 bytes).
    Removing key.o(i.Key_Tick), (252 bytes).
    Removing key.o(.constdata), (16 bytes).
    Removing key.o(.data), (12 bytes).
    Removing font.o(.constdata), (552 bytes).
    Removing font.o(.constdata), (8 bytes).
    Removing font.o(.constdata), (1140 bytes).
    Removing font.o(.constdata), (8 bytes).
    Removing font.o(.constdata), (1520 bytes).
    Removing font.o(.constdata), (8 bytes).
    Removing font.o(.constdata), (3420 bytes).
    Removing font.o(.constdata), (8 bytes).
    Removing font.o(.constdata), (108 bytes).
    Removing font.o(.constdata), (16 bytes).
    Removing font.o(.constdata), (112 bytes).
    Removing font.o(.constdata), (8 bytes).
    Removing font.o(.constdata), (128 bytes).
    Removing font.o(.constdata), (8 bytes).
    Removing oled.o(i.OLED_ClearFrame), (16 bytes).
    Removing oled.o(i.OLED_DisPlay_Off), (24 bytes).
    Removing oled.o(i.OLED_DisPlay_On), (24 bytes).
    Removing oled.o(i.OLED_DrawCircle), (236 bytes).
    Removing oled.o(i.OLED_DrawEllipse), (416 bytes).
    Removing oled.o(i.OLED_DrawFilledCircle), (174 bytes).
    Removing oled.o(i.OLED_DrawFilledRectangle), (52 bytes).
    Removing oled.o(i.OLED_DrawFilledTriangle), (176 bytes).
    Removing oled.o(i.OLED_DrawImage), (18 bytes).
    Removing oled.o(i.OLED_DrawLine), (256 bytes).
    Removing oled.o(i.OLED_DrawRectangle), (76 bytes).
    Removing oled.o(i.OLED_DrawTriangle), (64 bytes).
    Removing oled.o(i.OLED_Init), (174 bytes).
    Removing oled.o(i.OLED_PrintASCIIChar), (32 bytes).
    Removing oled.o(i.OLED_PrintASCIIString), (46 bytes).
    Removing oled.o(i.OLED_PrintString), (222 bytes).
    Removing oled.o(i.OLED_SendCmd), (16 bytes).
    Removing oled.o(i.OLED_SendData), (48 bytes).
    Removing oled.o(i.OLED_SetBits), (74 bytes).
    Removing oled.o(i.OLED_SetBits_Fine), (116 bytes).
    Removing oled.o(i.OLED_SetBlock), (136 bytes).
    Removing oled.o(i.OLED_SetByte), (28 bytes).
    Removing oled.o(i.OLED_SetByte_Fine), (72 bytes).
    Removing oled.o(i.OLED_SetColorMode), (30 bytes).
    Removing oled.o(i.OLED_SetPixel), (48 bytes).
    Removing oled.o(i.OLED_ShowFrame), (72 bytes).
    Removing oled.o(i._OLED_GetUTF8Len), (50 bytes).
    Removing oled.o(.bss), (1153 bytes).
    Removing oled.o(.data), (4 bytes).
    Removing usart.o(i.USART1_Init), (188 bytes).
    Removing usart.o(i.USART1_ReceiveChar), (36 bytes).
    Removing usart.o(i.USART1_ReceiveString), (44 bytes).
    Removing usart.o(i.USART1_SendChar), (28 bytes).
    Removing usart.o(i.USART1_SendString), (26 bytes).
    Removing usart.o(i.fputc), (14 bytes).
    Removing hardi2c.o(i.HardI2C_ACK), (16 bytes).
    Removing hardi2c.o(i.HardI2C_Init), (100 bytes).
    Removing hardi2c.o(i.HardI2C_NACK), (16 bytes).
    Removing hardi2c.o(i.HardI2C_ReadByte), (44 bytes).
    Removing hardi2c.o(i.HardI2C_SendAddr), (52 bytes).
    Removing hardi2c.o(i.HardI2C_SendByte), (64 bytes).
    Removing hardi2c.o(i.HardI2C_Start), (48 bytes).
    Removing hardi2c.o(i.HardI2C_Stop), (16 bytes).
    Removing softi2c.o(i.SoftI2C_ACK), (92 bytes).
    Removing softi2c.o(i.SoftI2C_Init), (48 bytes).
    Removing softi2c.o(i.SoftI2C_NACK), (64 bytes).
    Removing softi2c.o(i.SoftI2C_ReadByte), (88 bytes).
    Removing softi2c.o(i.SoftI2C_SendByte), (104 bytes).
    Removing softi2c.o(i.SoftI2C_Start), (48 bytes).
    Removing softi2c.o(i.SoftI2C_Stop), (48 bytes).
    Removing softi2c.o(i.SoftI2C_Wait4Ack), (84 bytes).
    Removing tim1.o(i.TIM1_Init), (256 bytes).
    Removing tim1.o(i.TIM1_Start), (16 bytes).
    Removing tim3.o(i.TIM3_Init), (144 bytes).
    Removing tim3.o(i.TIM3_SetDutyCycle), (12 bytes).
    Removing tim3.o(i.TIM3_Start), (16 bytes).
    Removing tim3.o(i.TIM3_Stop), (16 bytes).
    Removing hcsr04.o(i.HCSR04_Init), (212 bytes).
    Removing hcsr04.o(i.HCSR04_Trigger), (32 bytes).
    Removing mhss.o(i.TIM2_ETR_Init), (124 bytes).
    Removing dma.o(i.DMA1_Init), (144 bytes).
    Removing dma.o(i.DMA1_Transmit), (24 bytes).
    Removing adc_dma.o(i.ADC1_DMA_Init), (264 bytes).
    Removing adc_dma.o(i.ADC1_DMA_StartConvert), (72 bytes).
    Removing adc.o(i.ADC1_Init), (148 bytes).
    Removing adc.o(i.ADC1_ReadV), (44 bytes).
    Removing adc.o(i.ADC1_StartConvert), (48 bytes).
    Removing softspi.o(i.SoftSPI_Init), (144 bytes).
    Removing softspi.o(i.SoftSPI_Start), (16 bytes).
    Removing softspi.o(i.SoftSPI_Stop), (16 bytes).
    Removing softspi.o(i.SoftSPI_SwapByte), (120 bytes).
    Removing hardspi.o(i.hardSPI_Init), (164 bytes).
    Removing w25q64.o(i.W25Q64_EraseSector), (64 bytes).
    Removing w25q64.o(i.W25Q64_Init), (4 bytes).
    Removing w25q64.o(i.W25Q64_PageWrite), (94 bytes).
    Removing w25q64.o(i.W25Q64_RandomRead), (72 bytes).
    Removing w25q64.o(i.W25Q64_RandomWrite), (78 bytes).
    Removing w25q64.o(i.W25Q64_Read), (92 bytes).
    Removing w25q64.o(i.W25Q64_ReadID), (62 bytes).
    Removing w25q64.o(i.W25Q64_WaitNotBusy), (30 bytes).
    Removing w25q64.o(i.W25Q64_WriteDisable), (20 bytes).
    Removing w25q64.o(i.W25Q64_WriteEnable), (20 bytes).
    Removing dadd.o(.text), (334 bytes).
    Removing ddiv.o(.text), (222 bytes).
    Removing dfltui.o(.text), (26 bytes).
    Removing dfixi.o(.text), (62 bytes).

114 unused section(s) (total 16821 bytes) removed from the image.

==============================================================================

Image Symbol Table

    Local Symbols

    Symbol Name                              Value     Ov Type        Size  Object(Section)

    ../clib/microlib/init/entry.s            0x00000000   Number         0  entry11b.o ABSOLUTE
    ../clib/microlib/init/entry.s            0x00000000   Number         0  entry12b.o ABSOLUTE
    ../clib/microlib/init/entry.s            0x00000000   Number         0  entry12a.o ABSOLUTE
    ../clib/microlib/init/entry.s            0x00000000   Number         0  entry11a.o ABSOLUTE
    ../clib/microlib/init/entry.s            0x00000000   Number         0  entry10b.o ABSOLUTE
    ../clib/microlib/init/entry.s            0x00000000   Number         0  entry10a.o ABSOLUTE
    ../clib/microlib/init/entry.s            0x00000000   Number         0  entry9b.o ABSOLUTE
    ../clib/microlib/init/entry.s            0x00000000   Number         0  entry9a.o ABSOLUTE
    ../clib/microlib/init/entry.s            0x00000000   Number         0  entry8b.o ABSOLUTE
    ../clib/microlib/init/entry.s            0x00000000   Number         0  entry8a.o ABSOLUTE
    ../clib/microlib/init/entry.s            0x00000000   Number         0  entry7b.o ABSOLUTE
    ../clib/microlib/init/entry.s            0x00000000   Number         0  entry5.o ABSOLUTE
    ../clib/microlib/init/entry.s            0x00000000   Number         0  entry7a.o ABSOLUTE
    ../clib/microlib/init/entry.s            0x00000000   Number         0  entry2.o ABSOLUTE
    ../clib/microlib/init/entry.s            0x00000000   Number         0  entry.o ABSOLUTE
    ../clib/microlib/longlong.c              0x00000000   Number         0  llsshr.o ABSOLUTE
    ../clib/microlib/longlong.c              0x00000000   Number         0  llushr.o ABSOLUTE
    ../clib/microlib/longlong.c              0x00000000   Number         0  llshl.o ABSOLUTE
    ../clib/microlib/string/memcmp.c         0x00000000   Number         0  memcmp.o ABSOLUTE
    ../clib/microlib/string/memcpy.c         0x00000000   Number         0  memcpya.o ABSOLUTE
    ../clib/microlib/string/memcpy.c         0x00000000   Number         0  memcpyb.o ABSOLUTE
    ../clib/microlib/string/memset.c         0x00000000   Number         0  memseta.o ABSOLUTE
    ../clib/microlib/stubs.s                 0x00000000   Number         0  iusefp.o ABSOLUTE
    ../fplib/microlib/d2f.c                  0x00000000   Number         0  d2f.o ABSOLUTE
    ../fplib/microlib/fpadd.c                0x00000000   Number         0  dadd.o ABSOLUTE
    ../fplib/microlib/fpdiv.c                0x00000000   Number         0  ddiv.o ABSOLUTE
    ../fplib/microlib/fpepilogue.c           0x00000000   Number         0  depilogue.o ABSOLUTE
    ../fplib/microlib/fpepilogue.c           0x00000000   Number         0  fepilogue.o ABSOLUTE
    ../fplib/microlib/fpfix.c                0x00000000   Number         0  dfixi.o ABSOLUTE
    ../fplib/microlib/fpflt.c                0x00000000   Number         0  dflti.o ABSOLUTE
    ../fplib/microlib/fpflt.c                0x00000000   Number         0  dfltui.o ABSOLUTE
    ../fplib/microlib/fpmul.c                0x00000000   Number         0  dmul.o ABSOLUTE
    ../fplib/microlib/fpscalb.c              0x00000000   Number         0  dscalb.o ABSOLUTE
    Hardware\ADC\adc.c                       0x00000000   Number         0  adc.o ABSOLUTE
    Hardware\ADC\adc_dma.c                   0x00000000   Number         0  adc_dma.o ABSOLUTE
    Hardware\DMA\dma.c                       0x00000000   Number         0  dma.o ABSOLUTE
    Hardware\IIC\HardI2C.c                   0x00000000   Number         0  hardi2c.o ABSOLUTE
    Hardware\IIC\SoftI2C.c                   0x00000000   Number         0  softi2c.o ABSOLUTE
    Hardware\KEY\key.c                       0x00000000   Number         0  key.o ABSOLUTE
    Hardware\LED\led.c                       0x00000000   Number         0  led.o ABSOLUTE
    Hardware\OLED\Font.c                     0x00000000   Number         0  font.o ABSOLUTE
    Hardware\OLED\oled.c                     0x00000000   Number         0  oled.o ABSOLUTE
    Hardware\SPI\hardSPI.c                   0x00000000   Number         0  hardspi.o ABSOLUTE
    Hardware\SPI\softSPI.c                   0x00000000   Number         0  softspi.o ABSOLUTE
    Hardware\SPI\w25q64.c                    0x00000000   Number         0  w25q64.o ABSOLUTE
    Hardware\TIM\HCSR04.c                    0x00000000   Number         0  hcsr04.o ABSOLUTE
    Hardware\TIM\MHSS.c                      0x00000000   Number         0  mhss.o ABSOLUTE
    Hardware\TIM\tim1.c                      0x00000000   Number         0  tim1.o ABSOLUTE
    Hardware\TIM\tim3.c                      0x00000000   Number         0  tim3.o ABSOLUTE
    Hardware\USART\usart.c                   0x00000000   Number         0  usart.o ABSOLUTE
    Start\\core_cm3.c                        0x00000000   Number         0  core_cm3.o ABSOLUTE
    Start\core_cm3.c                         0x00000000   Number         0  core_cm3.o ABSOLUTE
    Start\startup_stm32f10x_md.s             0x00000000   Number         0  startup_stm32f10x_md.o ABSOLUTE
    Start\system_stm32f10x.c                 0x00000000   Number         0  system_stm32f10x.o ABSOLUTE
    User\Delay.c                             0x00000000   Number         0  delay.o ABSOLUTE
    User\Timer.c                             0x00000000   Number         0  timer.o ABSOLUTE
    User\main.c                              0x00000000   Number         0  main.o ABSOLUTE
    dc.s                                     0x00000000   Number         0  dc.o ABSOLUTE
    handlers.s                               0x00000000   Number         0  handlers.o ABSOLUTE
    init.s                                   0x00000000   Number         0  init.o ABSOLUTE
    RESET                                    0x08004000   Section      236  startup_stm32f10x_md.o(RESET)
    .ARM.Collect$$$$00000000                 0x080040ec   Section        0  entry.o(.ARM.Collect$$$$00000000)
    .ARM.Collect$$$$00000001                 0x080040ec   Section        4  entry2.o(.ARM.Collect$$$$00000001)
    .ARM.Collect$$$$00000004                 0x080040f0   Section        4  entry5.o(.ARM.Collect$$$$00000004)
    .ARM.Collect$$$$00000008                 0x080040f4   Section        0  entry7b.o(.ARM.Collect$$$$00000008)
    .ARM.Collect$$$$0000000A                 0x080040f4   Section        0  entry8b.o(.ARM.Collect$$$$0000000A)
    .ARM.Collect$$$$0000000B                 0x080040f4   Section        8  entry9a.o(.ARM.Collect$$$$0000000B)
    .ARM.Collect$$$$0000000E                 0x080040fc   Section        4  entry12b.o(.ARM.Collect$$$$0000000E)
    .ARM.Collect$$$$0000000F                 0x08004100   Section        0  entry10a.o(.ARM.Collect$$$$0000000F)
    .ARM.Collect$$$$00000011                 0x08004100   Section        0  entry11a.o(.ARM.Collect$$$$00000011)
    .ARM.Collect$$$$00002712                 0x08004100   Section        4  entry2.o(.ARM.Collect$$$$00002712)
    __lit__00000000                          0x08004100   Data           4  entry2.o(.ARM.Collect$$$$00002712)
    .text                                    0x08004104   Section       36  startup_stm32f10x_md.o(.text)
    .text                                    0x08004128   Section        0  dmul.o(.text)
    .text                                    0x0800420c   Section        0  dscalb.o(.text)
    .text                                    0x0800423a   Section        0  dflti.o(.text)
    .text                                    0x0800425c   Section        0  d2f.o(.text)
    .text                                    0x08004294   Section        0  llshl.o(.text)
    .text                                    0x080042b2   Section        0  llushr.o(.text)
    .text                                    0x080042d2   Section        0  iusefp.o(.text)
    .text                                    0x080042d2   Section        0  fepilogue.o(.text)
    .text                                    0x08004340   Section        0  depilogue.o(.text)
    .text                                    0x080043fc   Section       36  init.o(.text)
    i.DMA1_Channel7_IRQHandler               0x08004420   Section        0  dma.o(i.DMA1_Channel7_IRQHandler)
    i.Delay_ms                               0x08004440   Section        0  delay.o(i.Delay_ms)
    i.Delay_us                               0x08004458   Section        0  delay.o(i.Delay_us)
    i.LED_Init                               0x0800447c   Section        0  led.o(i.LED_Init)
    i.LED_Set                                0x080044e0   Section        0  led.o(i.LED_Set)
    i.LED_Toggle                             0x080044f2   Section        0  led.o(i.LED_Toggle)
    i.SetSysClock                            0x08004504   Section        0  system_stm32f10x.o(i.SetSysClock)
    SetSysClock                              0x08004505   Thumb Code     4  system_stm32f10x.o(i.SetSysClock)
    i.SetSysClockTo72                        0x08004508   Section        0  system_stm32f10x.o(i.SetSysClockTo72)
    SetSysClockTo72                          0x08004509   Thumb Code   166  system_stm32f10x.o(i.SetSysClockTo72)
    i.SystemInit                             0x080045b8   Section        0  system_stm32f10x.o(i.SystemInit)
    i.TIM1_CC_IRQHandler                     0x08004608   Section        0  hcsr04.o(i.TIM1_CC_IRQHandler)
    i.TIM1_Stop                              0x08004660   Section        0  tim1.o(i.TIM1_Stop)
    i.TIM1_UP_IRQHandler                     0x08004670   Section        0  tim1.o(i.TIM1_UP_IRQHandler)
    i.USART1_IRQHandler                      0x08004684   Section        0  usart.o(i.USART1_IRQHandler)
    i.__scatterload_copy                     0x080046bc   Section       14  handlers.o(i.__scatterload_copy)
    i.__scatterload_null                     0x080046ca   Section        2  handlers.o(i.__scatterload_null)
    i.__scatterload_zeroinit                 0x080046cc   Section       14  handlers.o(i.__scatterload_zeroinit)
    i.main                                   0x080046dc   Section        0  main.o(i.main)
    .constdata                               0x0800470c   Section       24  led.o(.constdata)
    .data                                    0x20000000   Section        2  usart.o(.data)
    .data                                    0x20000004   Section        8  hcsr04.o(.data)
    .bss                                     0x2000000c   Section       20  usart.o(.bss)
    STACK                                    0x20000020   Section     1024  startup_stm32f10x_md.o(STACK)

    Global Symbols

    Symbol Name                              Value     Ov Type        Size  Object(Section)

    BuildAttributes$$THM_ISAv4$P$D$K$B$S$PE$A:L22UL41UL21$X:L11$S22US41US21$IEEE1$IW$USESV6$~STKCKD$USESV7$~SHL$OTIME$ROPI$EBA8$MICROLIB$REQ8$PRES8$EABIv2 0x00000000   Number         0  anon$$obj.o ABSOLUTE
    __ARM_use_no_argv                        0x00000000   Number         0  main.o ABSOLUTE
    __arm_fini_                               - Undefined Weak Reference
    __cpp_initialize__aeabi_                  - Undefined Weak Reference
    __cxa_finalize                            - Undefined Weak Reference
    __decompress                              - Undefined Weak Reference
    _clock_init                               - Undefined Weak Reference
    _microlib_exit                            - Undefined Weak Reference
    __Vectors_Size                           0x000000ec   Number         0  startup_stm32f10x_md.o ABSOLUTE
    __Vectors                                0x08004000   Data           4  startup_stm32f10x_md.o(RESET)
    __Vectors_End                            0x080040ec   Data           0  startup_stm32f10x_md.o(RESET)
    __main                                   0x080040ed   Thumb Code     0  entry.o(.ARM.Collect$$$$00000000)
    _main_stk                                0x080040ed   Thumb Code     0  entry2.o(.ARM.Collect$$$$00000001)
    _main_scatterload                        0x080040f1   Thumb Code     0  entry5.o(.ARM.Collect$$$$00000004)
    __main_after_scatterload                 0x080040f5   Thumb Code     0  entry5.o(.ARM.Collect$$$$00000004)
    _main_clock                              0x080040f5   Thumb Code     0  entry7b.o(.ARM.Collect$$$$00000008)
    _main_cpp_init                           0x080040f5   Thumb Code     0  entry8b.o(.ARM.Collect$$$$0000000A)
    _main_init                               0x080040f5   Thumb Code     0  entry9a.o(.ARM.Collect$$$$0000000B)
    __rt_lib_shutdown_fini                   0x080040fd   Thumb Code     0  entry12b.o(.ARM.Collect$$$$0000000E)
    __rt_final_cpp                           0x08004101   Thumb Code     0  entry10a.o(.ARM.Collect$$$$0000000F)
    __rt_final_exit                          0x08004101   Thumb Code     0  entry11a.o(.ARM.Collect$$$$00000011)
    Reset_Handler                            0x08004105   Thumb Code     8  startup_stm32f10x_md.o(.text)
    NMI_Handler                              0x0800410d   Thumb Code     2  startup_stm32f10x_md.o(.text)
    HardFault_Handler                        0x0800410f   Thumb Code     2  startup_stm32f10x_md.o(.text)
    MemManage_Handler                        0x08004111   Thumb Code     2  startup_stm32f10x_md.o(.text)
    BusFault_Handler                         0x08004113   Thumb Code     2  startup_stm32f10x_md.o(.text)
    UsageFault_Handler                       0x08004115   Thumb Code     2  startup_stm32f10x_md.o(.text)
    SVC_Handler                              0x08004117   Thumb Code     2  startup_stm32f10x_md.o(.text)
    DebugMon_Handler                         0x08004119   Thumb Code     2  startup_stm32f10x_md.o(.text)
    PendSV_Handler                           0x0800411b   Thumb Code     2  startup_stm32f10x_md.o(.text)
    SysTick_Handler                          0x0800411d   Thumb Code     2  startup_stm32f10x_md.o(.text)
    ADC1_2_IRQHandler                        0x0800411f   Thumb Code     0  startup_stm32f10x_md.o(.text)
    CAN1_RX1_IRQHandler                      0x0800411f   Thumb Code     0  startup_stm32f10x_md.o(.text)
    CAN1_SCE_IRQHandler                      0x0800411f   Thumb Code     0  startup_stm32f10x_md.o(.text)
    DMA1_Channel1_IRQHandler                 0x0800411f   Thumb Code     0  startup_stm32f10x_md.o(.text)
    DMA1_Channel2_IRQHandler                 0x0800411f   Thumb Code     0  startup_stm32f10x_md.o(.text)
    DMA1_Channel3_IRQHandler                 0x0800411f   Thumb Code     0  startup_stm32f10x_md.o(.text)
    DMA1_Channel4_IRQHandler                 0x0800411f   Thumb Code     0  startup_stm32f10x_md.o(.text)
    DMA1_Channel5_IRQHandler                 0x0800411f   Thumb Code     0  startup_stm32f10x_md.o(.text)
    DMA1_Channel6_IRQHandler                 0x0800411f   Thumb Code     0  startup_stm32f10x_md.o(.text)
    EXTI0_IRQHandler                         0x0800411f   Thumb Code     0  startup_stm32f10x_md.o(.text)
    EXTI15_10_IRQHandler                     0x0800411f   Thumb Code     0  startup_stm32f10x_md.o(.text)
    EXTI1_IRQHandler                         0x0800411f   Thumb Code     0  startup_stm32f10x_md.o(.text)
    EXTI2_IRQHandler                         0x0800411f   Thumb Code     0  startup_stm32f10x_md.o(.text)
    EXTI3_IRQHandler                         0x0800411f   Thumb Code     0  startup_stm32f10x_md.o(.text)
    EXTI4_IRQHandler                         0x0800411f   Thumb Code     0  startup_stm32f10x_md.o(.text)
    EXTI9_5_IRQHandler                       0x0800411f   Thumb Code     0  startup_stm32f10x_md.o(.text)
    FLASH_IRQHandler                         0x0800411f   Thumb Code     0  startup_stm32f10x_md.o(.text)
    I2C1_ER_IRQHandler                       0x0800411f   Thumb Code     0  startup_stm32f10x_md.o(.text)
    I2C1_EV_IRQHandler                       0x0800411f   Thumb Code     0  startup_stm32f10x_md.o(.text)
    I2C2_ER_IRQHandler                       0x0800411f   Thumb Code     0  startup_stm32f10x_md.o(.text)
    I2C2_EV_IRQHandler                       0x0800411f   Thumb Code     0  startup_stm32f10x_md.o(.text)
    PVD_IRQHandler                           0x0800411f   Thumb Code     0  startup_stm32f10x_md.o(.text)
    RCC_IRQHandler                           0x0800411f   Thumb Code     0  startup_stm32f10x_md.o(.text)
    RTCAlarm_IRQHandler                      0x0800411f   Thumb Code     0  startup_stm32f10x_md.o(.text)
    RTC_IRQHandler                           0x0800411f   Thumb Code     0  startup_stm32f10x_md.o(.text)
    SPI1_IRQHandler                          0x0800411f   Thumb Code     0  startup_stm32f10x_md.o(.text)
    SPI2_IRQHandler                          0x0800411f   Thumb Code     0  startup_stm32f10x_md.o(.text)
    TAMPER_IRQHandler                        0x0800411f   Thumb Code     0  startup_stm32f10x_md.o(.text)
    TIM1_BRK_IRQHandler                      0x0800411f   Thumb Code     0  startup_stm32f10x_md.o(.text)
    TIM1_TRG_COM_IRQHandler                  0x0800411f   Thumb Code     0  startup_stm32f10x_md.o(.text)
    TIM2_IRQHandler                          0x0800411f   Thumb Code     0  startup_stm32f10x_md.o(.text)
    TIM3_IRQHandler                          0x0800411f   Thumb Code     0  startup_stm32f10x_md.o(.text)
    TIM4_IRQHandler                          0x0800411f   Thumb Code     0  startup_stm32f10x_md.o(.text)
    USART2_IRQHandler                        0x0800411f   Thumb Code     0  startup_stm32f10x_md.o(.text)
    USART3_IRQHandler                        0x0800411f   Thumb Code     0  startup_stm32f10x_md.o(.text)
    USBWakeUp_IRQHandler                     0x0800411f   Thumb Code     0  startup_stm32f10x_md.o(.text)
    USB_HP_CAN1_TX_IRQHandler                0x0800411f   Thumb Code     0  startup_stm32f10x_md.o(.text)
    USB_LP_CAN1_RX0_IRQHandler               0x0800411f   Thumb Code     0  startup_stm32f10x_md.o(.text)
    WWDG_IRQHandler                          0x0800411f   Thumb Code     0  startup_stm32f10x_md.o(.text)
    __aeabi_dmul                             0x08004129   Thumb Code   228  dmul.o(.text)
    __ARM_scalbn                             0x0800420d   Thumb Code    46  dscalb.o(.text)
    scalbn                                   0x0800420d   Thumb Code     0  dscalb.o(.text)
    __aeabi_i2d                              0x0800423b   Thumb Code    34  dflti.o(.text)
    __aeabi_d2f                              0x0800425d   Thumb Code    56  d2f.o(.text)
    __aeabi_llsl                             0x08004295   Thumb Code    30  llshl.o(.text)
    _ll_shift_l                              0x08004295   Thumb Code     0  llshl.o(.text)
    __aeabi_llsr                             0x080042b3   Thumb Code    32  llushr.o(.text)
    _ll_ushift_r                             0x080042b3   Thumb Code     0  llushr.o(.text)
    __I$use$fp                               0x080042d3   Thumb Code     0  iusefp.o(.text)
    _float_round                             0x080042d3   Thumb Code    18  fepilogue.o(.text)
    _float_epilogue                          0x080042e5   Thumb Code    92  fepilogue.o(.text)
    _double_round                            0x08004341   Thumb Code    30  depilogue.o(.text)
    _double_epilogue                         0x0800435f   Thumb Code   156  depilogue.o(.text)
    __scatterload                            0x080043fd   Thumb Code    28  init.o(.text)
    __scatterload_rt2                        0x080043fd   Thumb Code     0  init.o(.text)
    DMA1_Channel7_IRQHandler                 0x08004421   Thumb Code    28  dma.o(i.DMA1_Channel7_IRQHandler)
    Delay_ms                                 0x08004441   Thumb Code    24  delay.o(i.Delay_ms)
    Delay_us                                 0x08004459   Thumb Code    36  delay.o(i.Delay_us)
    LED_Init                                 0x0800447d   Thumb Code    88  led.o(i.LED_Init)
    LED_Set                                  0x080044e1   Thumb Code    18  led.o(i.LED_Set)
    LED_Toggle                               0x080044f3   Thumb Code    18  led.o(i.LED_Toggle)
    SystemInit                               0x080045b9   Thumb Code    64  system_stm32f10x.o(i.SystemInit)
    TIM1_CC_IRQHandler                       0x08004609   Thumb Code    70  hcsr04.o(i.TIM1_CC_IRQHandler)
    TIM1_Stop                                0x08004661   Thumb Code    12  tim1.o(i.TIM1_Stop)
    TIM1_UP_IRQHandler                       0x08004671   Thumb Code    14  tim1.o(i.TIM1_UP_IRQHandler)
    USART1_IRQHandler                        0x08004685   Thumb Code    44  usart.o(i.USART1_IRQHandler)
    __scatterload_copy                       0x080046bd   Thumb Code    14  handlers.o(i.__scatterload_copy)
    __scatterload_null                       0x080046cb   Thumb Code     2  handlers.o(i.__scatterload_null)
    __scatterload_zeroinit                   0x080046cd   Thumb Code    14  handlers.o(i.__scatterload_zeroinit)
    main                                     0x080046dd   Thumb Code    34  main.o(i.main)
    LED                                      0x0800470c   Data          24  led.o(.constdata)
    Region$$Table$$Base                      0x08004724   Number         0  anon$$obj.o(Region$$Table)
    Region$$Table$$Limit                     0x08004744   Number         0  anon$$obj.o(Region$$Table)
    Size                                     0x20000000   Data           1  usart.o(.data)
    isOver                                   0x20000001   Data           1  usart.o(.data)
    upEdge                                   0x20000004   Data           2  hcsr04.o(.data)
    downEdge                                 0x20000006   Data           2  hcsr04.o(.data)
    distance                                 0x20000008   Data           4  hcsr04.o(.data)
    buffer                                   0x2000000c   Data          20  usart.o(.bss)
    __initial_sp                             0x20000420   Data           0  startup_stm32f10x_md.o(STACK)



==============================================================================

Memory Map of the image

  Image Entry point : 0x080040ed

  Load Region LR_IROM1 (Base: 0x08004000, Size: 0x00000750, Max: 0x00004000, ABSOLUTE)

    Execution Region ER_IROM1 (Exec base: 0x08004000, Load base: 0x08004000, Size: 0x00000744, Max: 0x00004000, ABSOLUTE)

    Exec Addr    Load Addr    Size         Type   Attr      Idx    E Section Name        Object

    0x08004000   0x08004000   0x000000ec   Data   RO           19    RESET               startup_stm32f10x_md.o
    0x080040ec   0x080040ec   0x00000000   Code   RO          917  * .ARM.Collect$$$$00000000  mc_w.l(entry.o)
    0x080040ec   0x080040ec   0x00000004   Code   RO          944    .ARM.Collect$$$$00000001  mc_w.l(entry2.o)
    0x080040f0   0x080040f0   0x00000004   Code   RO          947    .ARM.Collect$$$$00000004  mc_w.l(entry5.o)
    0x080040f4   0x080040f4   0x00000000   Code   RO          949    .ARM.Collect$$$$00000008  mc_w.l(entry7b.o)
    0x080040f4   0x080040f4   0x00000000   Code   RO          951    .ARM.Collect$$$$0000000A  mc_w.l(entry8b.o)
    0x080040f4   0x080040f4   0x00000008   Code   RO          952    .ARM.Collect$$$$0000000B  mc_w.l(entry9a.o)
    0x080040fc   0x080040fc   0x00000004   Code   RO          959    .ARM.Collect$$$$0000000E  mc_w.l(entry12b.o)
    0x08004100   0x08004100   0x00000000   Code   RO          954    .ARM.Collect$$$$0000000F  mc_w.l(entry10a.o)
    0x08004100   0x08004100   0x00000000   Code   RO          956    .ARM.Collect$$$$00000011  mc_w.l(entry11a.o)
    0x08004100   0x08004100   0x00000004   Code   RO          945    .ARM.Collect$$$$00002712  mc_w.l(entry2.o)
    0x08004104   0x08004104   0x00000024   Code   RO           20    .text               startup_stm32f10x_md.o
    0x08004128   0x08004128   0x000000e4   Code   RO          930    .text               mf_w.l(dmul.o)
    0x0800420c   0x0800420c   0x0000002e   Code   RO          934    .text               mf_w.l(dscalb.o)
    0x0800423a   0x0800423a   0x00000022   Code   RO          936    .text               mf_w.l(dflti.o)
    0x0800425c   0x0800425c   0x00000038   Code   RO          942    .text               mf_w.l(d2f.o)
    0x08004294   0x08004294   0x0000001e   Code   RO          960    .text               mc_w.l(llshl.o)
    0x080042b2   0x080042b2   0x00000020   Code   RO          962    .text               mc_w.l(llushr.o)
    0x080042d2   0x080042d2   0x00000000   Code   RO          966    .text               mc_w.l(iusefp.o)
    0x080042d2   0x080042d2   0x0000006e   Code   RO          967    .text               mf_w.l(fepilogue.o)
    0x08004340   0x08004340   0x000000ba   Code   RO          969    .text               mf_w.l(depilogue.o)
    0x080043fa   0x080043fa   0x00000002   PAD
    0x080043fc   0x080043fc   0x00000024   Code   RO          971    .text               mc_w.l(init.o)
    0x08004420   0x08004420   0x00000020   Code   RO          718    i.DMA1_Channel7_IRQHandler  dma.o
    0x08004440   0x08004440   0x00000018   Code   RO          103    i.Delay_ms          delay.o
    0x08004458   0x08004458   0x00000024   Code   RO          105    i.Delay_us          delay.o
    0x0800447c   0x0800447c   0x00000064   Code   RO          146    i.LED_Init          led.o
    0x080044e0   0x080044e0   0x00000012   Code   RO          147    i.LED_Set           led.o
    0x080044f2   0x080044f2   0x00000012   Code   RO          149    i.LED_Toggle        led.o
    0x08004504   0x08004504   0x00000004   Code   RO           24    i.SetSysClock       system_stm32f10x.o
    0x08004508   0x08004508   0x000000b0   Code   RO           25    i.SetSysClockTo72   system_stm32f10x.o
    0x080045b8   0x080045b8   0x00000050   Code   RO           27    i.SystemInit        system_stm32f10x.o
    0x08004608   0x08004608   0x00000058   Code   RO          675    i.TIM1_CC_IRQHandler  hcsr04.o
    0x08004660   0x08004660   0x00000010   Code   RO          609    i.TIM1_Stop         tim1.o
    0x08004670   0x08004670   0x00000014   Code   RO          610    i.TIM1_UP_IRQHandler  tim1.o
    0x08004684   0x08004684   0x00000038   Code   RO          438    i.USART1_IRQHandler  usart.o
    0x080046bc   0x080046bc   0x0000000e   Code   RO          975    i.__scatterload_copy  mc_w.l(handlers.o)
    0x080046ca   0x080046ca   0x00000002   Code   RO          976    i.__scatterload_null  mc_w.l(handlers.o)
    0x080046cc   0x080046cc   0x0000000e   Code   RO          977    i.__scatterload_zeroinit  mc_w.l(handlers.o)
    0x080046da   0x080046da   0x00000002   PAD
    0x080046dc   0x080046dc   0x00000030   Code   RO           65    i.main              main.o
    0x0800470c   0x0800470c   0x00000018   Data   RO          150    .constdata          led.o
    0x08004724   0x08004724   0x00000020   Data   RO          973    Region$$Table       anon$$obj.o


    Execution Region RW_IRAM1 (Exec base: 0x20000000, Load base: 0x08004744, Size: 0x00000420, Max: 0x00005000, ABSOLUTE)

    Exec Addr    Load Addr    Size         Type   Attr      Idx    E Section Name        Object

    0x20000000   0x08004744   0x00000002   Data   RW          446    .data               usart.o
    0x20000002   0x08004746   0x00000002   PAD
    0x20000004   0x08004748   0x00000008   Data   RW          676    .data               hcsr04.o
    0x2000000c        -       0x00000014   Zero   RW          445    .bss                usart.o
    0x20000020        -       0x00000400   Zero   RW           17    STACK               startup_stm32f10x_md.o


==============================================================================

Image component sizes


      Code (inc. data)   RO Data    RW Data    ZI Data      Debug   Object Name

         0          0          0          0          0       4572   core_cm3.o
        60          0          0          0          0        842   delay.o
        32          4          0          0          0        407   dma.o
        88         18          0          8          0        936   hcsr04.o
       136         12         24          0          0       2149   led.o
        48         14          0          0          0     202023   main.o
        36          8        236          0       1024        744   startup_stm32f10x_md.o
       260         26          0          0          0       1641   system_stm32f10x.o
        36         10          0          0          0        753   tim1.o
        56         12          0          2         20        933   usart.o

    ----------------------------------------------------------------------
       752        104        292         12       1044     215000   Object Totals
         0          0         32          0          0          0   (incl. Generated)
         0          0          0          2          0          0   (incl. Padding)

    ----------------------------------------------------------------------

      Code (inc. data)   RO Data    RW Data    ZI Data      Debug   Library Member Name

         0          0          0          0          0          0   entry.o
         0          0          0          0          0          0   entry10a.o
         0          0          0          0          0          0   entry11a.o
         4          0          0          0          0          0   entry12b.o
         8          4          0          0          0          0   entry2.o
         4          0          0          0          0          0   entry5.o
         0          0          0          0          0          0   entry7b.o
         0          0          0          0          0          0   entry8b.o
         8          4          0          0          0          0   entry9a.o
        30          0          0          0          0          0   handlers.o
        36          8          0          0          0         68   init.o
         0          0          0          0          0          0   iusefp.o
        30          0          0          0          0         68   llshl.o
        32          0          0          0          0         68   llushr.o
        56          0          0          0          0         88   d2f.o
       186          0          0          0          0        176   depilogue.o
        34          0          0          0          0         76   dflti.o
       228          0          0          0          0         96   dmul.o
        46          0          0          0          0         80   dscalb.o
       110          0          0          0          0        168   fepilogue.o

    ----------------------------------------------------------------------
       816         16          0          0          0        888   Library Totals
         4          0          0          0          0          0   (incl. Padding)

    ----------------------------------------------------------------------

      Code (inc. data)   RO Data    RW Data    ZI Data      Debug   Library Name

       152         16          0          0          0        204   mc_w.l
       660          0          0          0          0        684   mf_w.l

    ----------------------------------------------------------------------
       816         16          0          0          0        888   Library Totals

    ----------------------------------------------------------------------

==============================================================================


      Code (inc. data)   RO Data    RW Data    ZI Data      Debug   

      1568        120        292         12       1044     215000   Grand Totals
      1568        120        292         12       1044     215000   ELF Image Totals
      1568        120        292         12          0          0   ROM Totals

==============================================================================

    Total RO  Size (Code + RO Data)                 1860 (   1.82kB)
    Total RW  Size (RW Data + ZI Data)              1056 (   1.03kB)
    Total ROM Size (Code + RO Data + RW Data)       1872 (   1.83kB)

==============================================================================

