Component: ARM Compiler 5.06 update 7 (build 960) Tool: armlink [4d3601]

==============================================================================

Section Cross References

    startup_stm32f103xb.o(RESET) refers to startup_stm32f103xb.o(STACK) for __initial_sp
    startup_stm32f103xb.o(RESET) refers to startup_stm32f103xb.o(.text) for Reset_Handler
    startup_stm32f103xb.o(RESET) refers to stm32f1xx_it.o(i.NMI_Handler) for NMI_Handler
    startup_stm32f103xb.o(RESET) refers to stm32f1xx_it.o(i.HardFault_Handler) for HardFault_Handler
    startup_stm32f103xb.o(RESET) refers to stm32f1xx_it.o(i.MemManage_Handler) for MemManage_Handler
    startup_stm32f103xb.o(RESET) refers to stm32f1xx_it.o(i.BusFault_Handler) for BusFault_Handler
    startup_stm32f103xb.o(RESET) refers to stm32f1xx_it.o(i.UsageFault_Handler) for UsageFault_Handler
    startup_stm32f103xb.o(RESET) refers to stm32f1xx_it.o(i.SVC_Handler) for SVC_Handler
    startup_stm32f103xb.o(RESET) refers to stm32f1xx_it.o(i.DebugMon_Handler) for DebugMon_Handler
    startup_stm32f103xb.o(RESET) refers to stm32f1xx_it.o(i.PendSV_Handler) for PendSV_Handler
    startup_stm32f103xb.o(RESET) refers to stm32f1xx_it.o(i.SysTick_Handler) for SysTick_Handler
    startup_stm32f103xb.o(RESET) refers to stm32f1xx_it.o(i.EXTI0_IRQHandler) for EXTI0_IRQHandler
    startup_stm32f103xb.o(RESET) refers to stm32f1xx_it.o(i.DMA1_Channel2_IRQHandler) for DMA1_Channel2_IRQHandler
    startup_stm32f103xb.o(RESET) refers to stm32f1xx_it.o(i.DMA1_Channel3_IRQHandler) for DMA1_Channel3_IRQHandler
    startup_stm32f103xb.o(RESET) refers to stm32f1xx_it.o(i.SPI1_IRQHandler) for SPI1_IRQHandler
    startup_stm32f103xb.o(RESET) refers to stm32f1xx_it.o(i.USART1_IRQHandler) for USART1_IRQHandler
    startup_stm32f103xb.o(RESET) refers to stm32f1xx_it.o(i.EXTI15_10_IRQHandler) for EXTI15_10_IRQHandler
    startup_stm32f103xb.o(.text) refers to system_stm32f1xx.o(i.SystemInit) for SystemInit
    startup_stm32f103xb.o(.text) refers to entry.o(.ARM.Collect$$$$00000000) for __main
    main.o(i.SystemClock_Config) refers to memseta.o(.text) for __aeabi_memclr4
    main.o(i.SystemClock_Config) refers to stm32f1xx_hal_rcc.o(i.HAL_RCC_OscConfig) for HAL_RCC_OscConfig
    main.o(i.SystemClock_Config) refers to stm32f1xx_hal_rcc.o(i.HAL_RCC_ClockConfig) for HAL_RCC_ClockConfig
    main.o(i.main) refers to stm32f1xx_hal.o(i.HAL_Init) for HAL_Init
    main.o(i.main) refers to main.o(i.SystemClock_Config) for SystemClock_Config
    main.o(i.main) refers to gpio.o(i.MX_GPIO_Init) for MX_GPIO_Init
    main.o(i.main) refers to usart.o(i.MX_USART1_UART_Init) for MX_USART1_UART_Init
    main.o(i.main) refers to i2c.o(i.MX_I2C1_Init) for MX_I2C1_Init
    main.o(i.main) refers to spi.o(i.MX_SPI1_Init) for MX_SPI1_Init
    main.o(i.main) refers to app_bootloader.o(i.App_bootloader_check_update) for App_bootloader_check_update
    main.o(i.main) refers to app_bootloader.o(i.App_bootloader_check_default) for App_bootloader_check_default
    main.o(i.main) refers to app_bootloader.o(i.App_bootloader_update) for App_bootloader_update
    main.o(i.main) refers to app_bootloader.o(i.App_bootloader_copy_and_jump) for App_bootloader_copy_and_jump
    gpio.o(i.MX_GPIO_Init) refers to stm32f1xx_hal_gpio.o(i.HAL_GPIO_WritePin) for HAL_GPIO_WritePin
    gpio.o(i.MX_GPIO_Init) refers to stm32f1xx_hal_gpio.o(i.HAL_GPIO_Init) for HAL_GPIO_Init
    gpio.o(i.MX_GPIO_Init) refers to stm32f1xx_hal_cortex.o(i.HAL_NVIC_SetPriority) for HAL_NVIC_SetPriority
    gpio.o(i.MX_GPIO_Init) refers to stm32f1xx_hal_cortex.o(i.HAL_NVIC_EnableIRQ) for HAL_NVIC_EnableIRQ
    dma.o(i.MX_DMA_Init) refers to stm32f1xx_hal_cortex.o(i.HAL_NVIC_SetPriority) for HAL_NVIC_SetPriority
    dma.o(i.MX_DMA_Init) refers to stm32f1xx_hal_cortex.o(i.HAL_NVIC_EnableIRQ) for HAL_NVIC_EnableIRQ
    i2c.o(i.HAL_I2C_MspDeInit) refers to stm32f1xx_hal_gpio.o(i.HAL_GPIO_DeInit) for HAL_GPIO_DeInit
    i2c.o(i.HAL_I2C_MspInit) refers to stm32f1xx_hal_gpio.o(i.HAL_GPIO_Init) for HAL_GPIO_Init
    i2c.o(i.MX_I2C1_Init) refers to stm32f1xx_hal_i2c.o(i.HAL_I2C_Init) for HAL_I2C_Init
    i2c.o(i.MX_I2C1_Init) refers to main.o(i.Error_Handler) for Error_Handler
    i2c.o(i.MX_I2C1_Init) refers to i2c.o(.bss) for .bss
    spi.o(i.HAL_SPI_MspDeInit) refers to stm32f1xx_hal_gpio.o(i.HAL_GPIO_DeInit) for HAL_GPIO_DeInit
    spi.o(i.HAL_SPI_MspDeInit) refers to stm32f1xx_hal_dma.o(i.HAL_DMA_DeInit) for HAL_DMA_DeInit
    spi.o(i.HAL_SPI_MspDeInit) refers to stm32f1xx_hal_cortex.o(i.HAL_NVIC_DisableIRQ) for HAL_NVIC_DisableIRQ
    spi.o(i.HAL_SPI_MspInit) refers to stm32f1xx_hal_gpio.o(i.HAL_GPIO_Init) for HAL_GPIO_Init
    spi.o(i.HAL_SPI_MspInit) refers to stm32f1xx_hal_dma.o(i.HAL_DMA_Init) for HAL_DMA_Init
    spi.o(i.HAL_SPI_MspInit) refers to main.o(i.Error_Handler) for Error_Handler
    spi.o(i.HAL_SPI_MspInit) refers to stm32f1xx_hal_cortex.o(i.HAL_NVIC_SetPriority) for HAL_NVIC_SetPriority
[...]
    Removing stm32f1xx_hal_cortex.o(i.HAL_NVIC_GetPendingIRQ), (36 bytes).
    Removing stm32f1xx_hal_cortex.o(i.HAL_NVIC_GetPriority), (84 bytes).
    Removing stm32f1xx_hal_cortex.o(i.HAL_NVIC_GetPriorityGrouping), (16 bytes).
    Removing stm32f1xx_hal_cortex.o(i.HAL_NVIC_SetPendingIRQ), (26 bytes).
    Removing stm32f1xx_hal_cortex.o(i.HAL_NVIC_SystemReset), (36 bytes).
    Removing stm32f1xx_hal_cortex.o(i.HAL_SYSTICK_CLKSourceConfig), (24 bytes).
    Removing stm32f1xx_hal_cortex.o(i.HAL_SYSTICK_Callback), (2 bytes).
    Removing stm32f1xx_hal_cortex.o(i.HAL_SYSTICK_IRQHandler), (8 bytes).
    Removing stm32f1xx_hal_pwr.o(.rev16_text), (4 bytes).
    Removing stm32f1xx_hal_pwr.o(.revsh_text), (4 bytes).
    Removing stm32f1xx_hal_pwr.o(.rrx_text), (6 bytes).
    Removing stm32f1xx_hal_pwr.o(i.HAL_PWR_ConfigPVD), (124 bytes).
    Removing stm32f1xx_hal_pwr.o(i.HAL_PWR_DeInit), (24 bytes).
    Removing stm32f1xx_hal_pwr.o(i.HAL_PWR_DisableBkUpAccess), (12 bytes).
    Removing stm32f1xx_hal_pwr.o(i.HAL_PWR_DisablePVD), (12 bytes).
    Removing stm32f1xx_hal_pwr.o(i.HAL_PWR_DisableSEVOnPend), (16 bytes).
    Removing stm32f1xx_hal_pwr.o(i.HAL_PWR_DisableSleepOnExit), (16 bytes).
    Removing stm32f1xx_hal_pwr.o(i.HAL_PWR_DisableWakeUpPin), (28 bytes).
    Removing stm32f1xx_hal_pwr.o(i.HAL_PWR_EnableBkUpAccess), (12 bytes).
    Removing stm32f1xx_hal_pwr.o(i.HAL_PWR_EnablePVD), (12 bytes).
    Removing stm32f1xx_hal_pwr.o(i.HAL_PWR_EnableSEVOnPend), (16 bytes).
    Removing stm32f1xx_hal_pwr.o(i.HAL_PWR_EnableSleepOnExit), (16 bytes).
    Removing stm32f1xx_hal_pwr.o(i.HAL_PWR_EnableWakeUpPin), (28 bytes).
    Removing stm32f1xx_hal_pwr.o(i.HAL_PWR_EnterSLEEPMode), (32 bytes).
    Removing stm32f1xx_hal_pwr.o(i.HAL_PWR_EnterSTANDBYMode), (32 bytes).
    Removing stm32f1xx_hal_pwr.o(i.HAL_PWR_EnterSTOPMode), (68 bytes).
    Removing stm32f1xx_hal_pwr.o(i.HAL_PWR_PVDCallback), (2 bytes).
    Removing stm32f1xx_hal_pwr.o(i.HAL_PWR_PVD_IRQHandler), (28 bytes).
    Removing stm32f1xx_hal_pwr.o(i.PWR_OverloadWfe), (6 bytes).
    Removing stm32f1xx_hal_flash.o(.rev16_text), (4 bytes).
    Removing stm32f1xx_hal_flash.o(.revsh_text), (4 bytes).
    Removing stm32f1xx_hal_flash.o(.rrx_text), (6 bytes).
    Removing stm32f1xx_hal_flash.o(i.HAL_FLASH_EndOfOperationCallback), (2 bytes).
    Removing stm32f1xx_hal_flash.o(i.HAL_FLASH_GetError), (12 bytes).
    Removing stm32f1xx_hal_flash.o(i.HAL_FLASH_IRQHandler), (260 bytes).
    Removing stm32f1xx_hal_flash.o(i.HAL_FLASH_OB_Launch), (4 bytes).
    Removing stm32f1xx_hal_flash.o(i.HAL_FLASH_OB_Lock), (20 bytes).
    Removing stm32f1xx_hal_flash.o(i.HAL_FLASH_OB_Unlock), (36 bytes).
    Removing stm32f1xx_hal_flash.o(i.HAL_FLASH_OperationErrorCallback), (2 bytes).
    Removing stm32f1xx_hal_flash.o(i.HAL_FLASH_Program_IT), (80 bytes).
    Removing stm32f1xx_hal_flash_ex.o(.rev16_text), (4 bytes).
    Removing stm32f1xx_hal_flash_ex.o(.revsh_text), (4 bytes).
    Removing stm32f1xx_hal_flash_ex.o(.rrx_text), (6 bytes).
    Removing stm32f1xx_hal_flash_ex.o(i.FLASH_OB_DisableWRP), (176 bytes).
    Removing stm32f1xx_hal_flash_ex.o(i.FLASH_OB_EnableWRP), (176 bytes).
    Removing stm32f1xx_hal_flash_ex.o(i.FLASH_OB_GetRDP), (24 bytes).
    Removing stm32f1xx_hal_flash_ex.o(i.FLASH_OB_RDP_LevelConfig), (100 bytes).
    Removing stm32f1xx_hal_flash_ex.o(i.HAL_FLASHEx_Erase_IT), (72 bytes).
    Removing stm32f1xx_hal_flash_ex.o(i.HAL_FLASHEx_OBErase), (84 bytes).
    Removing stm32f1xx_hal_flash_ex.o(i.HAL_FLASHEx_OBGetConfig), (36 bytes).
    Removing stm32f1xx_hal_flash_ex.o(i.HAL_FLASHEx_OBGetUserData), (32 bytes).
    Removing stm32f1xx_hal_flash_ex.o(i.HAL_FLASHEx_OBProgram), (200 bytes).
    Removing stm32f1xx_hal_exti.o(.rev16_text), (4 bytes).
    Removing stm32f1xx_hal_exti.o(.revsh_text), (4 bytes).
    Removing stm32f1xx_hal_exti.o(.rrx_text), (6 bytes).
    Removing stm32f1xx_hal_exti.o(i.HAL_EXTI_ClearConfigLine), (104 bytes).
    Removing stm32f1xx_hal_exti.o(i.HAL_EXTI_ClearPending), (20 bytes).
    Removing stm32f1xx_hal_exti.o(i.HAL_EXTI_GenerateSWI), (20 bytes).
    Removing stm32f1xx_hal_exti.o(i.HAL_EXTI_GetConfigLine), (140 bytes).
    Removing stm32f1xx_hal_exti.o(i.HAL_EXTI_GetHandle), (12 bytes).
    Removing stm32f1xx_hal_exti.o(i.HAL_EXTI_GetPending), (24 bytes).
    Removing stm32f1xx_hal_exti.o(i.HAL_EXTI_IRQHandler), (36 bytes).
    Removing stm32f1xx_hal_exti.o(i.HAL_EXTI_RegisterCallback), (14 bytes).
    Removing stm32f1xx_hal_exti.o(i.HAL_EXTI_SetConfigLine), (164 bytes).
    Removing stm32f1xx_hal_spi.o(.rev16_text), (4 bytes).
    Removing stm32f1xx_hal_spi.o(.revsh_text), (4 bytes).
    Removing stm32f1xx_hal_spi.o(.rrx_text), (6 bytes).
    Removing stm32f1xx_hal_spi.o(i.HAL_SPI_Abort), (288 bytes).
    Removing stm32f1xx_hal_spi.o(i.HAL_SPI_AbortCpltCallback), (2 bytes).
    Removing stm32f1xx_hal_spi.o(i.HAL_SPI_Abort_IT), (288 bytes).
    Removing stm32f1xx_hal_spi.o(i.HAL_SPI_DMAPause), (38 bytes).
    Removing stm32f1xx_hal_spi.o(i.HAL_SPI_DMAResume), (38 bytes).
    Removing stm32f1xx_hal_spi.o(i.HAL_SPI_DMAStop), (66 bytes).
    Removing stm32f1xx_hal_spi.o(i.HAL_SPI_DeInit), (46 bytes).
    Removing stm32f1xx_hal_spi.o(i.HAL_SPI_GetError), (4 bytes).
    Removing stm32f1xx_hal_spi.o(i.HAL_SPI_GetState), (6 bytes).
    Removing stm32f1xx_hal_spi.o(i.HAL_SPI_MspDeInit), (2 bytes).
    Removing stm32f1xx_hal_spi.o(i.HAL_SPI_MspInit), (2 bytes).
    Removing stm32f1xx_hal_spi.o(i.HAL_SPI_Receive), (340 bytes).
    Removing stm32f1xx_hal_spi.o(i.HAL_SPI_Receive_DMA), (228 bytes).
    Removing stm32f1xx_hal_spi.o(i.HAL_SPI_Receive_IT), (168 bytes).
    Removing stm32f1xx_hal_spi.o(i.HAL_SPI_RxCpltCallback), (2 bytes).
    Removing stm32f1xx_hal_spi.o(i.HAL_SPI_RxHalfCpltCallback), (2 bytes).
    Removing stm32f1xx_hal_spi.o(i.HAL_SPI_Transmit), (358 bytes).
    Removing stm32f1xx_hal_spi.o(i.HAL_SPI_TransmitReceive_DMA), (272 bytes).
    Removing stm32f1xx_hal_spi.o(i.HAL_SPI_TransmitReceive_IT), (156 bytes).
    Removing stm32f1xx_hal_spi.o(i.HAL_SPI_Transmit_DMA), (204 bytes).
    Removing stm32f1xx_hal_spi.o(i.HAL_SPI_Transmit_IT), (144 bytes).
    Removing stm32f1xx_hal_spi.o(i.HAL_SPI_TxCpltCallback), (2 bytes).
    Removing stm32f1xx_hal_spi.o(i.HAL_SPI_TxHalfCpltCallback), (2 bytes).
    Removing stm32f1xx_hal_spi.o(i.HAL_SPI_TxRxCpltCallback), (2 bytes).
    Removing stm32f1xx_hal_spi.o(i.HAL_SPI_TxRxHalfCpltCallback), (2 bytes).
    Removing stm32f1xx_hal_spi.o(i.SPI_2linesRxISR_16BIT), (48 bytes).
    Removing stm32f1xx_hal_spi.o(i.SPI_2linesRxISR_8BIT), (48 bytes).
    Removing stm32f1xx_hal_spi.o(i.SPI_2linesTxISR_16BIT), (48 bytes).
    Removing stm32f1xx_hal_spi.o(i.SPI_2linesTxISR_8BIT), (48 bytes).
    Removing stm32f1xx_hal_spi.o(i.SPI_AbortRx_ISR), (88 bytes).
    Removing stm32f1xx_hal_spi.o(i.SPI_AbortTx_ISR), (28 bytes).
    Removing stm32f1xx_hal_spi.o(i.SPI_CloseRxTx_ISR), (144 bytes).
    Removing stm32f1xx_hal_spi.o(i.SPI_CloseRx_ISR), (76 bytes).
    Removing stm32f1xx_hal_spi.o(i.SPI_CloseTx_ISR), (124 bytes).
    Removing stm32f1xx_hal_spi.o(i.SPI_DMAError), (34 bytes).
    Removing stm32f1xx_hal_spi.o(i.SPI_DMAHalfReceiveCplt), (10 bytes).
    Removing stm32f1xx_hal_spi.o(i.SPI_DMAHalfTransmitCplt), (10 bytes).
    Removing stm32f1xx_hal_spi.o(i.SPI_DMAHalfTransmitReceiveCplt), (10 bytes).
    Removing stm32f1xx_hal_spi.o(i.SPI_DMAReceiveCplt), (106 bytes).
    Removing stm32f1xx_hal_spi.o(i.SPI_DMARxAbortCallback), (98 bytes).
    Removing stm32f1xx_hal_spi.o(i.SPI_DMATransmitCplt), (100 bytes).
    Removing stm32f1xx_hal_spi.o(i.SPI_DMATransmitReceiveCplt), (90 bytes).
    Removing stm32f1xx_hal_spi.o(i.SPI_DMATxAbortCallback), (112 bytes).
    Removing stm32f1xx_hal_spi.o(i.SPI_EndRxTransaction), (92 bytes).
    Removing stm32f1xx_hal_spi.o(i.SPI_RxISR_16BIT), (32 bytes).
    Removing stm32f1xx_hal_spi.o(i.SPI_RxISR_8BIT), (32 bytes).
    Removing stm32f1xx_hal_spi.o(i.SPI_TxISR_16BIT), (32 bytes).
    Removing stm32f1xx_hal_spi.o(i.SPI_TxISR_8BIT), (32 bytes).
    Removing stm32f1xx_hal_uart.o(.rev16_text), (4 bytes).
    Removing stm32f1xx_hal_uart.o(.revsh_text), (4 bytes).
    Removing stm32f1xx_hal_uart.o(.rrx_text), (6 bytes).
    Removing stm32f1xx_hal_uart.o(i.HAL_HalfDuplex_EnableReceiver), (50 bytes).
    Removing stm32f1xx_hal_uart.o(i.HAL_HalfDuplex_EnableTransmitter), (50 bytes).
    Removing stm32f1xx_hal_uart.o(i.HAL_HalfDuplex_Init), (110 bytes).
    Removing stm32f1xx_hal_uart.o(i.HAL_LIN_Init), (130 bytes).
    Removing stm32f1xx_hal_uart.o(i.HAL_LIN_SendBreak), (60 bytes).
    Removing stm32f1xx_hal_uart.o(i.HAL_MultiProcessor_EnterMuteMode), (62 bytes).
    Removing stm32f1xx_hal_uart.o(i.HAL_MultiProcessor_ExitMuteMode), (62 bytes).
    Removing stm32f1xx_hal_uart.o(i.HAL_MultiProcessor_Init), (144 bytes).
    Removing stm32f1xx_hal_uart.o(i.HAL_UARTEx_GetRxEventType), (4 bytes).
    Removing stm32f1xx_hal_uart.o(i.HAL_UARTEx_ReceiveToIdle), (240 bytes).
    Removing stm32f1xx_hal_uart.o(i.HAL_UARTEx_ReceiveToIdle_DMA), (82 bytes).
    Removing stm32f1xx_hal_uart.o(i.HAL_UARTEx_RxEventCallback), (2 bytes).
    Removing stm32f1xx_hal_uart.o(i.HAL_UART_Abort), (210 bytes).
    Removing stm32f1xx_hal_uart.o(i.HAL_UART_AbortCpltCallback), (2 bytes).
    Removing stm32f1xx_hal_uart.o(i.HAL_UART_AbortReceive), (148 bytes).
    Removing stm32f1xx_hal_uart.o(i.HAL_UART_AbortReceiveCpltCallback), (2 bytes).
    Removing stm32f1xx_hal_uart.o(i.HAL_UART_AbortReceive_IT), (152 bytes).
    Removing stm32f1xx_hal_uart.o(i.HAL_UART_AbortTransmit), (98 bytes).
    Removing stm32f1xx_hal_uart.o(i.HAL_UART_AbortTransmitCpltCallback), (2 bytes).
    Removing stm32f1xx_hal_uart.o(i.HAL_UART_AbortTransmit_IT), (100 bytes).
    Removing stm32f1xx_hal_uart.o(i.HAL_UART_Abort_IT), (244 bytes).
    Removing stm32f1xx_hal_uart.o(i.HAL_UART_DMAPause), (120 bytes).
    Removing stm32f1xx_hal_uart.o(i.HAL_UART_DMAResume), (114 bytes).
    Removing stm32f1xx_hal_uart.o(i.HAL_UART_DMAStop), (112 bytes).
    Removing stm32f1xx_hal_uart.o(i.HAL_UART_DeInit), (54 bytes).
    Removing stm32f1xx_hal_uart.o(i.HAL_UART_ErrorCallback), (2 bytes).
    Removing stm32f1xx_hal_uart.o(i.HAL_UART_GetError), (4 bytes).
    Removing stm32f1xx_hal_uart.o(i.HAL_UART_GetState), (10 bytes).
    Removing stm32f1xx_hal_uart.o(i.HAL_UART_MspDeInit), (2 bytes).
    Removing stm32f1xx_hal_uart.o(i.HAL_UART_MspInit), (2 bytes).
    Removing stm32f1xx_hal_uart.o(i.HAL_UART_Receive), (176 bytes).
    Removing stm32f1xx_hal_uart.o(i.HAL_UART_Receive_DMA), (28 bytes).
    Removing stm32f1xx_hal_uart.o(i.HAL_UART_Receive_IT), (28 bytes).
    Removing stm32f1xx_hal_uart.o(i.HAL_UART_RxHalfCpltCallback), (2 bytes).
    Removing stm32f1xx_hal_uart.o(i.HAL_UART_Transmit_DMA), (124 bytes).
    Removing stm32f1xx_hal_uart.o(i.HAL_UART_Transmit_IT), (50 bytes).
    Removing stm32f1xx_hal_uart.o(i.HAL_UART_TxHalfCpltCallback), (2 bytes).
    Removing stm32f1xx_hal_uart.o(i.UART_DMAError), (74 bytes).
    Removing stm32f1xx_hal_uart.o(i.UART_DMAReceiveCplt), (134 bytes).
    Removing stm32f1xx_hal_uart.o(i.UART_DMARxAbortCallback), (44 bytes).
    Removing stm32f1xx_hal_uart.o(i.UART_DMARxHalfCplt), (30 bytes).
    Removing stm32f1xx_hal_uart.o(i.UART_DMARxOnlyAbortCallback), (22 bytes).
    Removing stm32f1xx_hal_uart.o(i.UART_DMATransmitCplt), (66 bytes).
    Removing stm32f1xx_hal_uart.o(i.UART_DMATxAbortCallback), (44 bytes).
    Removing stm32f1xx_hal_uart.o(i.UART_DMATxHalfCplt), (10 bytes).
    Removing stm32f1xx_hal_uart.o(i.UART_DMATxOnlyAbortCallback), (20 bytes).
    Removing stm32f1xx_hal_uart.o(i.UART_EndTxTransfer), (28 bytes).
    Removing stm32f1xx_hal_uart.o(i.UART_Start_Receive_DMA), (148 bytes).
    Removing system_stm32f1xx.o(.rev16_text), (4 bytes).
    Removing system_stm32f1xx.o(.revsh_text), (4 bytes).
    Removing system_stm32f1xx.o(.rrx_text), (6 bytes).
    Removing system_stm32f1xx.o(i.SystemCoreClockUpdate), (104 bytes).
    Removing bootloader.o(.rev16_text), (4 bytes).
    Removing bootloader.o(.revsh_text), (4 bytes).
    Removing bootloader.o(.rrx_text), (6 bytes).
    Removing at24c64.o(.rev16_text), (4 bytes).
    Removing at24c64.o(.revsh_text), (4 bytes).
    Removing at24c64.o(.rrx_text), (6 bytes).
    Removing w25q64.o(.rev16_text), (4 bytes).
    Removing w25q64.o(.revsh_text), (4 bytes).
    Removing w25q64.o(.rrx_text), (6 bytes).
    Removing w25q64.o(i.W25Q64_Init), (16 bytes).
    Removing w25q64.o(i.W25Q64_ReadID), (72 bytes).
    Removing w25q64.o(i.W25Q64_WriteDisable), (40 bytes).
    Removing iap.o(.rev16_text), (4 bytes).
    Removing iap.o(.revsh_text), (4 bytes).
    Removing iap.o(.rrx_text), (6 bytes).
    Removing iap.o(i.IAP_GetReceivedLen), (12 bytes).
    Removing iap.o(i.IAP_IsDone), (12 bytes).
    Removing ota.o(.rev16_text), (4 bytes).
    Removing ota.o(.revsh_text), (4 bytes).
    Removing ota.o(.rrx_text), (6 bytes).
    Removing protocol.o(.rev16_text), (4 bytes).
    Removing protocol.o(.revsh_text), (4 bytes).
    Removing protocol.o(.rrx_text), (6 bytes).
    Removing app_bootloader.o(.rev16_text), (4 bytes).
    Removing app_bootloader.o(.revsh_text), (4 bytes).
    Removing app_bootloader.o(.rrx_text), (6 bytes).
    Removing dadd.o(.text), (334 bytes).
    Removing dmul.o(.text), (228 bytes).
    Removing ddiv.o(.text), (222 bytes).
    Removing dfixul.o(.text), (48 bytes).
    Removing cdrcmple.o(.text), (48 bytes).
    Removing depilogue.o(.text), (186 bytes).

372 unused section(s) (total 27140 bytes) removed from the image.

==============================================================================

Image Symbol Table

    Local Symbols

    Symbol Name                              Value     Ov Type        Size  Object(Section)

    ../Core/Src/dma.c                        0x00000000   Number         0  dma.o ABSOLUTE
    ../Core/Src/gpio.c                       0x00000000   Number         0  gpio.o ABSOLUTE
    ../Core/Src/i2c.c                        0x00000000   Number         0  i2c.o ABSOLUTE
    ../Core/Src/main.c                       0x00000000   Number         0  main.o ABSOLUTE
    ../Core/Src/spi.c                        0x00000000   Number         0  spi.o ABSOLUTE
    ../Core/Src/stm32f1xx_hal_msp.c          0x00000000   Number         0  stm32f1xx_hal_msp.o ABSOLUTE
    ../Core/Src/stm32f1xx_it.c               0x00000000   Number         0  stm32f1xx_it.o ABSOLUTE
    ../Core/Src/system_stm32f1xx.c           0x00000000   Number         0  system_stm32f1xx.o ABSOLUTE
    ../Core/Src/usart.c                      0x00000000   Number         0  usart.o ABSOLUTE
    ../Drivers/STM32F1xx_HAL_Driver/Src/stm32f1xx_hal.c 0x00000000   Number         0  stm32f1xx_hal.o ABSOLUTE
    ../Drivers/STM32F1xx_HAL_Driver/Src/stm32f1xx_hal_cortex.c 0x00000000   Number         0  stm32f1xx_hal_cortex.o ABSOLUTE
    ../Drivers/STM32F1xx_HAL_Driver/Src/stm32f1xx_hal_dma.c 0x00000000   Number         0  stm32f1xx_hal_dma.o ABSOLUTE
    ../Drivers/STM32F1xx_HAL_Driver/Src/stm32f1xx_hal_exti.c 0x00000000   Number         0  stm32f1xx_hal_exti.o ABSOLUTE
    ../Drivers/STM32F1xx_HAL_Driver/Src/stm32f1xx_hal_flash.c 0x00000000   Number         0  stm32f1xx_hal_flash.o ABSOLUTE
    ../Drivers/STM32F1xx_HAL_Driver/Src/stm32f1xx_hal_flash_ex.c 0x00000000   Number         0  stm32f1xx_hal_flash_ex.o ABSOLUTE
    ../Drivers/STM32F1xx_HAL_Driver/Src/stm32f1xx_hal_gpio.c 0x00000000   Number         0  stm32f1xx_hal_gpio.o ABSOLUTE
    ../Drivers/STM32F1xx_HAL_Driver/Src/stm32f1xx_hal_gpio_ex.c 0x00000000   Number         0  stm32f1xx_hal_gpio_ex.o ABSOLUTE
    ../Drivers/STM32F1xx_HAL_Driver/Src/stm32f1xx_hal_i2c.c 0x00000000   Number         0  stm32f1xx_hal_i2c.o ABSOLUTE
    ../Drivers/STM32F1xx_HAL_Driver/Src/stm32f1xx_hal_pwr.c 0x00000000   Number         0  stm32f1xx_hal_pwr.o ABSOLUTE
    ../Drivers/STM32F1xx_HAL_Driver/Src/stm32f1xx_hal_rcc.c 0x00000000   Number         0  stm32f1xx_hal_rcc.o ABSOLUTE
    ../Drivers/STM32F1xx_HAL_Driver/Src/stm32f1xx_hal_rcc_ex.c 0x00000000   Number         0  stm32f1xx_hal_rcc_ex.o ABSOLUTE
    ../Drivers/STM32F1xx_HAL_Driver/Src/stm32f1xx_hal_spi.c 0x00000000   Number         0  stm32f1xx_hal_spi.o ABSOLUTE
    ../Drivers/STM32F1xx_HAL_Driver/Src/stm32f1xx_hal_uart.c 0x00000000   Number         0  stm32f1xx_hal_uart.o ABSOLUTE
    ../clib/microlib/division.c              0x00000000   Number         0  uldiv.o ABSOLUTE
    ../clib/microlib/division.c              0x00000000   Number         0  uidiv.o ABSOLUTE
    ../clib/microlib/init/entry.s            0x00000000   Number         0  entry7a.o ABSOLUTE
    ../clib/microlib/init/entry.s            0x00000000   Number         0  entry7b.o ABSOLUTE
    ../clib/microlib/init/entry.s            0x00000000   Number         0  entry10a.o ABSOLUTE
    ../clib/microlib/init/entry.s            0x00000000   Number         0  entry12b.o ABSOLUTE
    ../clib/microlib/init/entry.s            0x00000000   Number         0  entry11b.o ABSOLUTE
    ../clib/microlib/init/entry.s            0x00000000   Number         0  entry5.o ABSOLUTE
    ../clib/microlib/init/entry.s            0x00000000   Number         0  entry9b.o ABSOLUTE
    ../clib/microlib/init/entry.s            0x00000000   Number         0  entry8b.o ABSOLUTE
    ../clib/microlib/init/entry.s            0x00000000   Number         0  entry11a.o ABSOLUTE
    ../clib/microlib/init/entry.s            0x00000000   Number         0  entry10b.o ABSOLUTE
    ../clib/microlib/init/entry.s            0x00000000   Number         0  entry12a.o ABSOLUTE
    ../clib/microlib/init/entry.s            0x00000000   Number         0  entry8a.o ABSOLUTE
    ../clib/microlib/init/entry.s            0x00000000   Number         0  entry9a.o ABSOLUTE
    ../clib/microlib/init/entry.s            0x00000000   Number         0  entry.o ABSOLUTE
    ../clib/microlib/init/entry.s            0x00000000   Number         0  entry2.o ABSOLUTE
    ../clib/microlib/longlong.c              0x00000000   Number         0  llushr.o ABSOLUTE
    ../clib/microlib/longlong.c              0x00000000   Number         0  llsshr.o ABSOLUTE
    ../clib/microlib/longlong.c              0x00000000   Number         0  llshl.o ABSOLUTE
    ../clib/microlib/printf/printf.c         0x00000000   Number         0  printf3.o ABSOLUTE
    ../clib/microlib/printf/printf.c         0x00000000   Number         0  printf2.o ABSOLUTE
    ../clib/microlib/printf/printf.c         0x00000000   Number         0  printf1.o ABSOLUTE
    ../clib/microlib/printf/printf.c         0x00000000   Number         0  printf0.o ABSOLUTE
    ../clib/microlib/printf/printf.c         0x00000000   Number         0  printfb.o ABSOLUTE
    ../clib/microlib/printf/printf.c         0x00000000   Number         0  printf5.o ABSOLUTE
    ../clib/microlib/printf/printf.c         0x00000000   Number         0  printf4.o ABSOLUTE
    ../clib/microlib/printf/printf.c         0x00000000   Number         0  printf6.o ABSOLUTE
    ../clib/microlib/printf/printf.c         0x00000000   Number         0  printf7.o ABSOLUTE
    ../clib/microlib/printf/printf.c         0x00000000   Number         0  printf8.o ABSOLUTE
    ../clib/microlib/printf/printf.c         0x00000000   Number         0  printfa.o ABSOLUTE
    ../clib/microlib/stdio/streams.c         0x00000000   Number         0  stdout.o ABSOLUTE
    ../clib/microlib/string/memset.c         0x00000000   Number         0  memseta.o ABSOLUTE
    ../clib/microlib/stubs.s                 0x00000000   Number         0  iusefp.o ABSOLUTE
    ../fplib/microlib/fpadd.c                0x00000000   Number         0  dadd.o ABSOLUTE
    ../fplib/microlib/fpdiv.c                0x00000000   Number         0  ddiv.o ABSOLUTE
    ../fplib/microlib/fpepilogue.c           0x00000000   Number         0  depilogue.o ABSOLUTE
    ../fplib/microlib/fpfix.c                0x00000000   Number         0  dfixul.o ABSOLUTE
    ../fplib/microlib/fpmul.c                0x00000000   Number         0  dmul.o ABSOLUTE
    ..\Core\Src\dma.c                        0x00000000   Number         0  dma.o ABSOLUTE
    ..\Core\Src\gpio.c                       0x00000000   Number         0  gpio.o ABSOLUTE
    ..\Core\Src\i2c.c                        0x00000000   Number         0  i2c.o ABSOLUTE
    ..\Core\Src\main.c                       0x00000000   Number         0  main.o ABSOLUTE
    ..\Core\Src\spi.c                        0x00000000   Number         0  spi.o ABSOLUTE
    ..\Core\Src\stm32f1xx_hal_msp.c          0x00000000   Number         0  stm32f1xx_hal_msp.o ABSOLUTE
    ..\Core\Src\stm32f1xx_it.c               0x00000000   Number         0  stm32f1xx_it.o ABSOLUTE
    ..\Core\Src\system_stm32f1xx.c           0x00000000   Number         0  system_stm32f1xx.o ABSOLUTE
    ..\Core\Src\usart.c                      0x00000000   Number         0  usart.o ABSOLUTE
    ..\Drivers\STM32F1xx_HAL_Driver\Src\stm32f1xx_hal.c 0x00000000   Number         0  stm32f1xx_hal.o ABSOLUTE
    ..\Drivers\STM32F1xx_HAL_Driver\Src\stm32f1xx_hal_cortex.c 0x00000000   Number         0  stm32f1xx_hal_cortex.o ABSOLUTE
    ..\Drivers\STM32F1xx_HAL_Driver\Src\stm32f1xx_hal_dma.c 0x00000000   Number         0  stm32f1xx_hal_dma.o ABSOLUTE
    ..\Drivers\STM32F1xx_HAL_Driver\Src\stm32f1xx_hal_exti.c 0x00000000   Number         0  stm32f1xx_hal_exti.o ABSOLUTE
    ..\Drivers\STM32F1xx_HAL_Driver\Src\stm32f1xx_hal_flash.c 0x00000000   Number         0  stm32f1xx_hal_flash.o ABSOLUTE
    ..\Drivers\STM32F1xx_HAL_Driver\Src\stm32f1xx_hal_flash_ex.c 0x00000000   Number         0  stm32f1xx_hal_flash_ex.o ABSOLUTE
    ..\Drivers\STM32F1xx_HAL_Driver\Src\stm32f1xx_hal_gpio.c 0x00000000   Number         0  stm32f1xx_hal_gpio.o ABSOLUTE
    ..\Drivers\STM32F1xx_HAL_Driver\Src\stm32f1xx_hal_gpio_ex.c 0x00000000   Number         0  stm32f1xx_hal_gpio_ex.o ABSOLUTE
    ..\Drivers\STM32F1xx_HAL_Driver\Src\stm32f1xx_hal_i2c.c 0x00000000   Number         0  stm32f1xx_hal_i2c.o ABSOLUTE
    ..\Drivers\STM32F1xx_HAL_Driver\Src\stm32f1xx_hal_pwr.c 0x00000000   Number         0  stm32f1xx_hal_pwr.o ABSOLUTE
    ..\Drivers\STM32F1xx_HAL_Driver\Src\stm32f1xx_hal_rcc.c 0x00000000   Number         0  stm32f1xx_hal_rcc.o ABSOLUTE
    ..\Drivers\STM32F1xx_HAL_Driver\Src\stm32f1xx_hal_rcc_ex.c 0x00000000   Number         0  stm32f1xx_hal_rcc_ex.o ABSOLUTE
    ..\Drivers\STM32F1xx_HAL_Driver\Src\stm32f1xx_hal_spi.c 0x00000000   Number         0  stm32f1xx_hal_spi.o ABSOLUTE
    ..\Drivers\STM32F1xx_HAL_Driver\Src\stm32f1xx_hal_uart.c 0x00000000   Number         0  stm32f1xx_hal_uart.o ABSOLUTE
    Application\App_bootloader.c             0x00000000   Number         0  app_bootloader.o ABSOLUTE
    Application\\App_bootloader.c            0x00000000   Number         0  app_bootloader.o ABSOLUTE
    Interface\\at24c64.c                     0x00000000   Number         0  at24c64.o ABSOLUTE
    Interface\\bootloader.c                  0x00000000   Number         0  bootloader.o ABSOLUTE
    Interface\\iap.c                         0x00000000   Number         0  iap.o ABSOLUTE
    Interface\\ota.c                         0x00000000   Number         0  ota.o ABSOLUTE
    Interface\\protocol.c                    0x00000000   Number         0  protocol.o ABSOLUTE
    Interface\\w25q64.c                      0x00000000   Number         0  w25q64.o ABSOLUTE
    Interface\at24c64.c                      0x00000000   Number         0  at24c64.o ABSOLUTE
    Interface\bootloader.c                   0x00000000   Number         0  bootloader.o ABSOLUTE
    Interface\iap.c                          0x00000000   Number         0  iap.o ABSOLUTE
    Interface\ota.c                          0x00000000   Number         0  ota.o ABSOLUTE
    Interface\protocol.c                     0x00000000   Number         0  protocol.o ABSOLUTE
    Interface\w25q64.c                       0x00000000   Number         0  w25q64.o ABSOLUTE
    cdrcmple.s                               0x00000000   Number         0  cdrcmple.o ABSOLUTE
    dc.s                                     0x00000000   Number         0  dc.o ABSOLUTE
    handlers.s                               0x00000000   Number         0  handlers.o ABSOLUTE
    init.s                                   0x00000000   Number         0  init.o ABSOLUTE
    startup_stm32f103xb.s                    0x00000000   Number         0  startup_stm32f103xb.o ABSOLUTE
    RESET                                    0x08000000   Section      236  startup_stm32f103xb.o(RESET)
    .ARM.Collect$$$$00000000                 0x080000ec   Section        0  entry.o(.ARM.Collect$$$$00000000)
    .ARM.Collect$$$$00000001                 0x080000ec   Section        4  entry2.o(.ARM.Collect$$$$00000001)
    .ARM.Collect$$$$00000004                 0x080000f0   Section        4  entry5.o(.ARM.Collect$$$$00000004)
    .ARM.Collect$$$$00000008                 0x080000f4   Section        0  entry7b.o(.ARM.Collect$$$$00000008)
    .ARM.Collect$$$$0000000A                 0x080000f4   Section        0  entry8b.o(.ARM.Collect$$$$0000000A)
    .ARM.Collect$$$$0000000B                 0x080000f4   Section        8  entry9a.o(.ARM.Collect$$$$0000000B)
    .ARM.Collect$$$$0000000E                 0x080000fc   Section        4  entry12b.o(.ARM.Collect$$$$0000000E)
    .ARM.Collect$$$$0000000F                 0x08000100   Section        0  entry10a.o(.ARM.Collect$$$$0000000F)
    .ARM.Collect$$$$00000011                 0x08000100   Section        0  entry11a.o(.ARM.Collect$$$$00000011)
    .ARM.Collect$$$$00002712                 0x08000100   Section        4  entry2.o(.ARM.Collect$$$$00002712)
    __lit__00000000                          0x08000100   Data           4  entry2.o(.ARM.Collect$$$$00002712)
    .text                                    0x08000104   Section       36  startup_stm32f103xb.o(.text)
    .text                                    0x08000128   Section        0  llushr.o(.text)
    .text                                    0x08000148   Section        0  memseta.o(.text)
    .text                                    0x0800016c   Section       36  init.o(.text)
    i.AT24C64_R_Byte                         0x08000190   Section        0  at24c64.o(i.AT24C64_R_Byte)
    i.AT24C64_R_Bytes                        0x080001b4   Section        0  at24c64.o(i.AT24C64_R_Bytes)
    i.AT24C64_W_Byte                         0x08000200   Section        0  at24c64.o(i.AT24C64_W_Byte)
    i.AT24C64_W_Bytes                        0x08000224   Section        0  at24c64.o(i.AT24C64_W_Bytes)
    i.App_bootloader_check_default           0x0800029c   Section        0  app_bootloader.o(i.App_bootloader_check_default)
    i.App_bootloader_check_update            0x08000338   Section        0  app_bootloader.o(i.App_bootloader_check_update)
    i.App_bootloader_copy_and_jump           0x080003d0   Section        0  app_bootloader.o(i.App_bootloader_copy_and_jump)
    i.App_bootloader_update                  0x080003fc   Section        0  app_bootloader.o(i.App_bootloader_update)
    i.Boot_CopyFlash                         0x08000468   Section        0  bootloader.o(i.Boot_CopyFlash)
    i.Boot_EraseFlash                        0x080004b4   Section        0  bootloader.o(i.Boot_EraseFlash)
    i.Boot_GetActiveBank                     0x080004e0   Section        0  bootloader.o(i.Boot_GetActiveBank)
    i.Boot_JumpToApp                         0x080004fc   Section        0  bootloader.o(i.Boot_JumpToApp)
    i.Boot_SetActiveBank                     0x0800054c   Section        0  bootloader.o(i.Boot_SetActiveBank)
    i.Boot_StartUartIap                      0x08000564   Section        0  bootloader.o(i.Boot_StartUartIap)
    i.BusFault_Handler                       0x080005c4   Section        0  stm32f1xx_it.o(i.BusFault_Handler)
    i.DMA1_Channel2_IRQHandler               0x080005c8   Section        0  stm32f1xx_it.o(i.DMA1_Channel2_IRQHandler)
    i.DMA1_Channel3_IRQHandler               0x080005d4   Section        0  stm32f1xx_it.o(i.DMA1_Channel3_IRQHandler)
    i.DebugMon_Handler                       0x080005e0   Section        0  stm32f1xx_it.o(i.DebugMon_Handler)
    i.EXTI0_IRQHandler                       0x080005e2   Section        0  stm32f1xx_it.o(i.EXTI0_IRQHandler)
    i.EXTI15_10_IRQHandler                   0x080005e8   Section        0  stm32f1xx_it.o(i.EXTI15_10_IRQHandler)
    i.Error_Handler                          0x080005f0   Section        0  main.o(i.Error_Handler)
    i.FLASH_MassErase                        0x080005f4   Section        0  stm32f1xx_hal_flash_ex.o(i.FLASH_MassErase)
    FLASH_MassErase                          0x080005f5   Thumb Code    26  stm32f1xx_hal_flash_ex.o(i.FLASH_MassErase)
    i.FLASH_PageErase                        0x08000618   Section        0  stm32f1xx_hal_flash_ex.o(i.FLASH_PageErase)
    i.FLASH_Program_HalfWord                 0x0800063c   Section        0  stm32f1xx_hal_flash.o(i.FLASH_Program_HalfWord)
    FLASH_Program_HalfWord                   0x0800063d   Thumb Code    20  stm32f1xx_hal_flash.o(i.FLASH_Program_HalfWord)
    i.FLASH_SetErrorCode                     0x08000658   Section        0  stm32f1xx_hal_flash.o(i.FLASH_SetErrorCode)
    FLASH_SetErrorCode                       0x08000659   Thumb Code    84  stm32f1xx_hal_flash.o(i.FLASH_SetErrorCode)
    i.FLASH_WaitForLastOperation             0x080006b4   Section        0  stm32f1xx_hal_flash.o(i.FLASH_WaitForLastOperation)
    i.HAL_DMA_Abort                          0x08000708   Section        0  stm32f1xx_hal_dma.o(i.HAL_DMA_Abort)
    i.HAL_DMA_Abort_IT                       0x08000750   Section        0  stm32f1xx_hal_dma.o(i.HAL_DMA_Abort_IT)
    i.HAL_DMA_IRQHandler                     0x080007e8   Section        0  stm32f1xx_hal_dma.o(i.HAL_DMA_IRQHandler)
    i.HAL_DMA_Init                           0x08000940   Section        0  stm32f1xx_hal_dma.o(i.HAL_DMA_Init)
    i.HAL_Delay                              0x0800099c   Section        0  stm32f1xx_hal.o(i.HAL_Delay)
    i.HAL_FLASHEx_Erase                      0x080009c0   Section        0  stm32f1xx_hal_flash_ex.o(i.HAL_FLASHEx_Erase)
    i.HAL_FLASH_Lock                         0x08000a68   Section        0  stm32f1xx_hal_flash.o(i.HAL_FLASH_Lock)
    i.HAL_FLASH_Program                      0x08000a7c   Section        0  stm32f1xx_hal_flash.o(i.HAL_FLASH_Program)
    i.HAL_FLASH_Unlock                       0x08000b00   Section        0  stm32f1xx_hal_flash.o(i.HAL_FLASH_Unlock)
    i.HAL_GPIO_EXTI_Callback                 0x08000b28   Section        0  stm32f1xx_hal_gpio.o(i.HAL_GPIO_EXTI_Callback)
    i.HAL_GPIO_EXTI_IRQHandler               0x08000b2c   Section        0  stm32f1xx_hal_gpio.o(i.HAL_GPIO_EXTI_IRQHandler)
    i.HAL_GPIO_Init                          0x08000b44   Section        0  stm32f1xx_hal_gpio.o(i.HAL_GPIO_Init)
    i.HAL_GPIO_ReadPin                       0x08000d10   Section        0  stm32f1xx_hal_gpio.o(i.HAL_GPIO_ReadPin)
    i.HAL_GPIO_WritePin                      0x08000d1a   Section        0  stm32f1xx_hal_gpio.o(i.HAL_GPIO_WritePin)
    i.HAL_GetTick                            0x08000d24   Section        0  stm32f1xx_hal.o(i.HAL_GetTick)
    i.HAL_I2C_Init                           0x08000d30   Section        0  stm32f1xx_hal_i2c.o(i.HAL_I2C_Init)
    i.HAL_I2C_Mem_Read                       0x08000eb8   Section        0  stm32f1xx_hal_i2c.o(i.HAL_I2C_Mem_Read)
    i.HAL_I2C_Mem_Write                      0x08001114   Section        0  stm32f1xx_hal_i2c.o(i.HAL_I2C_Mem_Write)
    i.HAL_I2C_MspInit                        0x08001244   Section        0  i2c.o(i.HAL_I2C_MspInit)
    i.HAL_IncTick                            0x080012a0   Section        0  stm32f1xx_hal.o(i.HAL_IncTick)
    i.HAL_Init                               0x080012b0   Section        0  stm32f1xx_hal.o(i.HAL_Init)
    i.HAL_InitTick                           0x080012d4   Section        0  stm32f1xx_hal.o(i.HAL_InitTick)
    i.HAL_MspInit                            0x08001314   Section        0  stm32f1xx_hal_msp.o(i.HAL_MspInit)
    i.HAL_NVIC_EnableIRQ                     0x08001350   Section        0  stm32f1xx_hal_cortex.o(i.HAL_NVIC_EnableIRQ)
    i.HAL_NVIC_SetPriority                   0x0800136c   Section        0  stm32f1xx_hal_cortex.o(i.HAL_NVIC_SetPriority)
    i.HAL_NVIC_SetPriorityGrouping           0x080013ac   Section        0  stm32f1xx_hal_cortex.o(i.HAL_NVIC_SetPriorityGrouping)
    i.HAL_RCC_ClockConfig                    0x080013d0   Section        0  stm32f1xx_hal_rcc.o(i.HAL_RCC_ClockConfig)
    i.HAL_RCC_GetPCLK1Freq                   0x08001508   Section        0  stm32f1xx_hal_rcc.o(i.HAL_RCC_GetPCLK1Freq)
    i.HAL_RCC_GetPCLK2Freq                   0x08001528   Section        0  stm32f1xx_hal_rcc.o(i.HAL_RCC_GetPCLK2Freq)
    i.HAL_RCC_GetSysClockFreq                0x08001548   Section        0  stm32f1xx_hal_rcc.o(i.HAL_RCC_GetSysClockFreq)
    i.HAL_RCC_OscConfig                      0x08001594   Section        0  stm32f1xx_hal_rcc.o(i.HAL_RCC_OscConfig)
    i.HAL_SPI_ErrorCallback                  0x080018ac   Section        0  stm32f1xx_hal_spi.o(i.HAL_SPI_ErrorCallback)
    i.HAL_SPI_IRQHandler                     0x080018b0   Section        0  stm32f1xx_hal_spi.o(i.HAL_SPI_IRQHandler)
    i.HAL_SPI_Init                           0x08001990   Section        0  stm32f1xx_hal_spi.o(i.HAL_SPI_Init)
    i.HAL_SPI_MspInit                        0x08001a44   Section        0  spi.o(i.HAL_SPI_MspInit)
    i.HAL_SPI_TransmitReceive                0x08001b1c   Section        0  stm32f1xx_hal_spi.o(i.HAL_SPI_TransmitReceive)
    i.HAL_SYSTICK_Config                     0x08001d02   Section        0  stm32f1xx_hal_cortex.o(i.HAL_SYSTICK_Config)
    i.HAL_UARTEx_ReceiveToIdle_IT            0x08001d2a   Section        0  stm32f1xx_hal_uart.o(i.HAL_UARTEx_ReceiveToIdle_IT)
    i.HAL_UARTEx_RxEventCallback             0x08001d80   Section        0  usart.o(i.HAL_UARTEx_RxEventCallback)
    i.HAL_UART_ErrorCallback                 0x08001dd8   Section        0  usart.o(i.HAL_UART_ErrorCallback)
    i.HAL_UART_IRQHandler                    0x08001e1c   Section        0  stm32f1xx_hal_uart.o(i.HAL_UART_IRQHandler)
    i.HAL_UART_Init                          0x08002088   Section        0  stm32f1xx_hal_uart.o(i.HAL_UART_Init)
    i.HAL_UART_MspInit                       0x080020ec   Section        0  usart.o(i.HAL_UART_MspInit)
    i.HAL_UART_RxCpltCallback                0x0800216c   Section        0  stm32f1xx_hal_uart.o(i.HAL_UART_RxCpltCallback)
    i.HAL_UART_Transmit                      0x0800216e   Section        0  stm32f1xx_hal_uart.o(i.HAL_UART_Transmit)
    i.HAL_UART_TxCpltCallback                0x0800220e   Section        0  stm32f1xx_hal_uart.o(i.HAL_UART_TxCpltCallback)
    i.HardFault_Handler                      0x08002210   Section        0  stm32f1xx_it.o(i.HardFault_Handler)
    i.I2C_IsAcknowledgeFailed                0x08002212   Section        0  stm32f1xx_hal_i2c.o(i.I2C_IsAcknowledgeFailed)
    I2C_IsAcknowledgeFailed                  0x08002213   Thumb Code    46  stm32f1xx_hal_i2c.o(i.I2C_IsAcknowledgeFailed)
    i.I2C_RequestMemoryRead                  0x08002240   Section        0  stm32f1xx_hal_i2c.o(i.I2C_RequestMemoryRead)
    I2C_RequestMemoryRead                    0x08002241   Thumb Code   246  stm32f1xx_hal_i2c.o(i.I2C_RequestMemoryRead)
    i.I2C_RequestMemoryWrite                 0x0800233c   Section        0  stm32f1xx_hal_i2c.o(i.I2C_RequestMemoryWrite)
    I2C_RequestMemoryWrite                   0x0800233d   Thumb Code   162  stm32f1xx_hal_i2c.o(i.I2C_RequestMemoryWrite)
    i.I2C_WaitOnBTFFlagUntilTimeout          0x080023e4   Section        0  stm32f1xx_hal_i2c.o(i.I2C_WaitOnBTFFlagUntilTimeout)
    I2C_WaitOnBTFFlagUntilTimeout            0x080023e5   Thumb Code    86  stm32f1xx_hal_i2c.o(i.I2C_WaitOnBTFFlagUntilTimeout)
    i.I2C_WaitOnFlagUntilTimeout             0x0800243a   Section        0  stm32f1xx_hal_i2c.o(i.I2C_WaitOnFlagUntilTimeout)
    I2C_WaitOnFlagUntilTimeout               0x0800243b   Thumb Code   136  stm32f1xx_hal_i2c.o(i.I2C_WaitOnFlagUntilTimeout)
    i.I2C_WaitOnMasterAddressFlagUntilTimeout 0x080024c2   Section        0  stm32f1xx_hal_i2c.o(i.I2C_WaitOnMasterAddressFlagUntilTimeout)
    I2C_WaitOnMasterAddressFlagUntilTimeout  0x080024c3   Thumb Code   186  stm32f1xx_hal_i2c.o(i.I2C_WaitOnMasterAddressFlagUntilTimeout)
    i.I2C_WaitOnRXNEFlagUntilTimeout         0x0800257c   Section        0  stm32f1xx_hal_i2c.o(i.I2C_WaitOnRXNEFlagUntilTimeout)
    I2C_WaitOnRXNEFlagUntilTimeout           0x0800257d   Thumb Code   116  stm32f1xx_hal_i2c.o(i.I2C_WaitOnRXNEFlagUntilTimeout)
    i.I2C_WaitOnTXEFlagUntilTimeout          0x080025f0   Section        0  stm32f1xx_hal_i2c.o(i.I2C_WaitOnTXEFlagUntilTimeout)
    I2C_WaitOnTXEFlagUntilTimeout            0x080025f1   Thumb Code    86  stm32f1xx_hal_i2c.o(i.I2C_WaitOnTXEFlagUntilTimeout)
    i.IAP_Process                            0x08002648   Section        0  iap.o(i.IAP_Process)
    i.IAP_Start                              0x08002728   Section        0  iap.o(i.IAP_Start)
    i.MX_GPIO_Init                           0x08002744   Section        0  gpio.o(i.MX_GPIO_Init)
    i.MX_I2C1_Init                           0x08002868   Section        0  i2c.o(i.MX_I2C1_Init)
    i.MX_SPI1_Init                           0x080028a8   Section        0  spi.o(i.MX_SPI1_Init)
    i.MX_USART1_UART_Init                    0x080028f0   Section        0  usart.o(i.MX_USART1_UART_Init)
    i.MemManage_Handler                      0x08002928   Section        0  stm32f1xx_it.o(i.MemManage_Handler)
    i.NMI_Handler                            0x0800292a   Section        0  stm32f1xx_it.o(i.NMI_Handler)
    i.OTA_Receive                            0x0800292c   Section        0  ota.o(i.OTA_Receive)
    i.PendSV_Handler                         0x08002b04   Section        0  stm32f1xx_it.o(i.PendSV_Handler)
    i.Protocol_CalcCRC16                     0x08002b08   Section        0  protocol.o(i.Protocol_CalcCRC16)
    i.Protocol_Init                          0x08002b30   Section        0  protocol.o(i.Protocol_Init)
    i.Protocol_ProcessByte                   0x08002b40   Section        0  protocol.o(i.Protocol_ProcessByte)
    i.Protocol_SendACK                       0x08002c86   Section        0  protocol.o(i.Protocol_SendACK)
    i.Protocol_SendFrame                     0x08002c94   Section        0  protocol.o(i.Protocol_SendFrame)
    i.Protocol_SendNAK                       0x08002d0c   Section        0  protocol.o(i.Protocol_SendNAK)
    i.SPI1_IRQHandler                        0x08002d18   Section        0  stm32f1xx_it.o(i.SPI1_IRQHandler)
    i.SPI_DMAAbortOnError                    0x08002d24   Section        0  stm32f1xx_hal_spi.o(i.SPI_DMAAbortOnError)
    SPI_DMAAbortOnError                      0x08002d25   Thumb Code    16  stm32f1xx_hal_spi.o(i.SPI_DMAAbortOnError)
    i.SPI_EndRxTxTransaction                 0x08002d34   Section        0  stm32f1xx_hal_spi.o(i.SPI_EndRxTxTransaction)
    SPI_EndRxTxTransaction                   0x08002d35   Thumb Code    52  stm32f1xx_hal_spi.o(i.SPI_EndRxTxTransaction)
    i.SPI_WaitFlagStateUntilTimeout          0x08002d68   Section        0  stm32f1xx_hal_spi.o(i.SPI_WaitFlagStateUntilTimeout)
    SPI_WaitFlagStateUntilTimeout            0x08002d69   Thumb Code   180  stm32f1xx_hal_spi.o(i.SPI_WaitFlagStateUntilTimeout)
    i.SVC_Handler                            0x08002e20   Section        0  stm32f1xx_it.o(i.SVC_Handler)
    i.SysTick_Handler                        0x08002e22   Section        0  stm32f1xx_it.o(i.SysTick_Handler)
    i.SystemClock_Config                     0x08002e26   Section        0  main.o(i.SystemClock_Config)
    i.SystemInit                             0x08002e82   Section        0  system_stm32f1xx.o(i.SystemInit)
    i.UART_DMAAbortOnError                   0x08002e84   Section        0  stm32f1xx_hal_uart.o(i.UART_DMAAbortOnError)
    UART_DMAAbortOnError                     0x08002e85   Thumb Code    16  stm32f1xx_hal_uart.o(i.UART_DMAAbortOnError)
    i.UART_EndRxTransfer                     0x08002e94   Section        0  stm32f1xx_hal_uart.o(i.UART_EndRxTransfer)
    UART_EndRxTransfer                       0x08002e95   Thumb Code    78  stm32f1xx_hal_uart.o(i.UART_EndRxTransfer)
    i.UART_Receive_IT                        0x08002ee2   Section        0  stm32f1xx_hal_uart.o(i.UART_Receive_IT)
    UART_Receive_IT                          0x08002ee3   Thumb Code   194  stm32f1xx_hal_uart.o(i.UART_Receive_IT)
    i.UART_SetConfig                         0x08002fa4   Section        0  stm32f1xx_hal_uart.o(i.UART_SetConfig)
    UART_SetConfig                           0x08002fa5   Thumb Code   178  stm32f1xx_hal_uart.o(i.UART_SetConfig)
    i.UART_Start_Receive_IT                  0x0800305c   Section        0  stm32f1xx_hal_uart.o(i.UART_Start_Receive_IT)
    i.UART_WaitOnFlagUntilTimeout            0x08003092   Section        0  stm32f1xx_hal_uart.o(i.UART_WaitOnFlagUntilTimeout)
    UART_WaitOnFlagUntilTimeout              0x08003093   Thumb Code   112  stm32f1xx_hal_uart.o(i.UART_WaitOnFlagUntilTimeout)
    i.USART1_IRQHandler                      0x08003104   Section        0  stm32f1xx_it.o(i.USART1_IRQHandler)
    i.UsageFault_Handler                     0x08003110   Section        0  stm32f1xx_it.o(i.UsageFault_Handler)
    i.W25Q64_EraseSector                     0x08003114   Section        0  w25q64.o(i.W25Q64_EraseSector)
    i.W25Q64_ReadData                        0x08003160   Section        0  w25q64.o(i.W25Q64_ReadData)
    i.W25Q64_SwapByte                        0x080031bc   Section        0  w25q64.o(i.W25Q64_SwapByte)
    W25Q64_SwapByte                          0x080031bd   Thumb Code    26  w25q64.o(i.W25Q64_SwapByte)
    i.W25Q64_WaitNotBusy                     0x080031dc   Section        0  w25q64.o(i.W25Q64_WaitNotBusy)
    i.W25Q64_WriteData                       0x0800320c   Section        0  w25q64.o(i.W25Q64_WriteData)
    i.W25Q64_WriteEnable                     0x0800324c   Section        0  w25q64.o(i.W25Q64_WriteEnable)
    i.W25Q64_WritePage                       0x08003274   Section        0  w25q64.o(i.W25Q64_WritePage)
    i.__0printf$bare                         0x080032e0   Section        0  printfb.o(i.__0printf$bare)
    i.__NVIC_DisableIRQ                      0x080032f0   Section        0  bootloader.o(i.__NVIC_DisableIRQ)
    __NVIC_DisableIRQ                        0x080032f1   Thumb Code    34  bootloader.o(i.__NVIC_DisableIRQ)
    i.__NVIC_SetPriority                     0x08003312   Section        0  stm32f1xx_hal_cortex.o(i.__NVIC_SetPriority)
    __NVIC_SetPriority                       0x08003313   Thumb Code    32  stm32f1xx_hal_cortex.o(i.__NVIC_SetPriority)
    i.__scatterload_copy                     0x08003332   Section       14  handlers.o(i.__scatterload_copy)
    i.__scatterload_null                     0x08003340   Section        2  handlers.o(i.__scatterload_null)
    i.__scatterload_zeroinit                 0x08003342   Section       14  handlers.o(i.__scatterload_zeroinit)
    i._printf_core                           0x08003350   Section        0  printfb.o(i._printf_core)
    _printf_core                             0x08003351   Thumb Code    34  printfb.o(i._printf_core)
    i.copy_w25q64_to_flash                   0x08003374   Section        0  app_bootloader.o(i.copy_w25q64_to_flash)
    i.erase_target_bank                      0x080033d8   Section        0  app_bootloader.o(i.erase_target_bank)
    i.fputc                                  0x080033e8   Section        0  usart.o(i.fputc)
    i.get_inactive_bank                      0x08003400   Section        0  app_bootloader.o(i.get_inactive_bank)
    get_inactive_bank                        0x08003401   Thumb Code    14  app_bootloader.o(i.get_inactive_bank)
    i.is_valid_firmware                      0x0800341c   Section        0  app_bootloader.o(i.is_valid_firmware)
    i.main                                   0x08003430   Section        0  main.o(i.main)
    i.switch_bank                            0x0800345c   Section        0  app_bootloader.o(i.switch_bank)
    i.uart_get_data                          0x08003470   Section        0  usart.o(i.uart_get_data)
    i.uart_send_str                          0x080034a0   Section        0  ota.o(i.uart_send_str)
    uart_send_str                            0x080034a1   Thumb Code    30  ota.o(i.uart_send_str)
    i.w25q64_read_meta                       0x080034c4   Section        0  app_bootloader.o(i.w25q64_read_meta)
    w25q64_read_meta                         0x080034c5   Thumb Code    92  app_bootloader.o(i.w25q64_read_meta)
    i.w25q64_save_meta                       0x08003524   Section        0  app_bootloader.o(i.w25q64_save_meta)
    .constdata                               0x0800355c   Section       18  stm32f1xx_hal_rcc.o(.constdata)
    aPredivFactorTable                       0x0800355c   Data           2  stm32f1xx_hal_rcc.o(.constdata)
    aPLLMULFactorTable                       0x0800355e   Data          16  stm32f1xx_hal_rcc.o(.constdata)
    .constdata                               0x0800356e   Section       16  system_stm32f1xx.o(.constdata)
    .constdata                               0x0800357e   Section        8  system_stm32f1xx.o(.constdata)
    .constdata                               0x08003588   Section       32  bootloader.o(.constdata)
    .constdata                               0x080035a8   Section      512  protocol.o(.constdata)
    crc16_table                              0x080035a8   Data         512  protocol.o(.constdata)
    .data                                    0x20000000   Section        1  usart.o(.data)
    .data                                    0x20000004   Section        8  usart.o(.data)
    .data                                    0x2000000c   Section       12  stm32f1xx_hal.o(.data)
    .data                                    0x20000018   Section        4  system_stm32f1xx.o(.data)
    .data                                    0x2000001c   Section       16  iap.o(.data)
    s_iap_done                               0x2000001c   Data           1  iap.o(.data)
    s_target_addr                            0x20000020   Data           4  iap.o(.data)
    s_flash_offset                           0x20000024   Data           4  iap.o(.data)
    s_total_len                              0x20000028   Data           4  iap.o(.data)
    .data                                    0x2000002c   Section       24  app_bootloader.o(.data)
    s_active_bank                            0x20000034   Data           4  app_bootloader.o(.data)
    s_w25q64_size                            0x20000038   Data           4  app_bootloader.o(.data)
    s_meta                                   0x2000003c   Data           8  app_bootloader.o(.data)
    .data                                    0x20000044   Section        4  stdout.o(.data)
    .bss                                     0x20000048   Section       84  i2c.o(.bss)
    .bss                                     0x2000009c   Section      224  spi.o(.bss)
    .bss                                     0x2000017c   Section      592  usart.o(.bss)
    .bss                                     0x200003d0   Section       32  stm32f1xx_hal_flash.o(.bss)
    STACK                                    0x200003f0   Section     1024  startup_stm32f103xb.o(STACK)

    Global Symbols

    Symbol Name                              Value     Ov Type        Size  Object(Section)

    BuildAttributes$$THM_ISAv4$P$D$K$B$S$PE$A:L22UL41UL21$X:L11$S22US41US21$IEEE1$IW$USESV6$~STKCKD$USESV7$~SHL$OSPACE$ROPI$EBA8$MICROLIB$REQ8$PRES8$EABIv2 0x00000000   Number         0  anon$$obj.o ABSOLUTE
    __ARM_use_no_argv                        0x00000000   Number         0  main.o ABSOLUTE
    __arm_fini_                               - Undefined Weak Reference
    __cpp_initialize__aeabi_                  - Undefined Weak Reference
    __cxa_finalize                            - Undefined Weak Reference
    __decompress                              - Undefined Weak Reference
    _clock_init                               - Undefined Weak Reference
    _microlib_exit                            - Undefined Weak Reference
    __Vectors_Size                           0x000000ec   Number         0  startup_stm32f103xb.o ABSOLUTE
    __Vectors                                0x08000000   Data           4  startup_stm32f103xb.o(RESET)
    __Vectors_End                            0x080000ec   Data           0  startup_stm32f103xb.o(RESET)
    __main                                   0x080000ed   Thumb Code     0  entry.o(.ARM.Collect$$$$00000000)
    _main_stk                                0x080000ed   Thumb Code     0  entry2.o(.ARM.Collect$$$$00000001)
    _main_scatterload                        0x080000f1   Thumb Code     0  entry5.o(.ARM.Collect$$$$00000004)
    __main_after_scatterload                 0x080000f5   Thumb Code     0  entry5.o(.ARM.Collect$$$$00000004)
    _main_clock                              0x080000f5   Thumb Code     0  entry7b.o(.ARM.Collect$$$$00000008)
    _main_cpp_init                           0x080000f5   Thumb Code     0  entry8b.o(.ARM.Collect$$$$0000000A)
    _main_init                               0x080000f5   Thumb Code     0  entry9a.o(.ARM.Collect$$$$0000000B)
    __rt_lib_shutdown_fini                   0x080000fd   Thumb Code     0  entry12b.o(.ARM.Collect$$$$0000000E)
    __rt_final_cpp                           0x08000101   Thumb Code     0  entry10a.o(.ARM.Collect$$$$0000000F)
    __rt_final_exit                          0x08000101   Thumb Code     0  entry11a.o(.ARM.Collect$$$$00000011)
    Reset_Handler                            0x08000105   Thumb Code     8  startup_stm32f103xb.o(.text)
    ADC1_2_IRQHandler                        0x0800011f   Thumb Code     0  startup_stm32f103xb.o(.text)
    CAN1_RX1_IRQHandler                      0x0800011f   Thumb Code     0  startup_stm32f103xb.o(.text)
    CAN1_SCE_IRQHandler                      0x0800011f   Thumb Code     0  startup_stm32f103xb.o(.text)
    DMA1_Channel1_IRQHandler                 0x0800011f   Thumb Code     0  startup_stm32f103xb.o(.text)
    DMA1_Channel4_IRQHandler                 0x0800011f   Thumb Code     0  startup_stm32f103xb.o(.text)
    DMA1_Channel5_IRQHandler                 0x0800011f   Thumb Code     0  startup_stm32f103xb.o(.text)
    DMA1_Channel6_IRQHandler                 0x0800011f   Thumb Code     0  startup_stm32f103xb.o(.text)
    DMA1_Channel7_IRQHandler                 0x0800011f   Thumb Code     0  startup_stm32f103xb.o(.text)
    EXTI1_IRQHandler                         0x0800011f   Thumb Code     0  startup_stm32f103xb.o(.text)
    EXTI2_IRQHandler                         0x0800011f   Thumb Code     0  startup_stm32f103xb.o(.text)
    EXTI3_IRQHandler                         0x0800011f   Thumb Code     0  startup_stm32f103xb.o(.text)
    EXTI4_IRQHandler                         0x0800011f   Thumb Code     0  startup_stm32f103xb.o(.text)
    EXTI9_5_IRQHandler                       0x0800011f   Thumb Code     0  startup_stm32f103xb.o(.text)
    FLASH_IRQHandler                         0x0800011f   Thumb Code     0  startup_stm32f103xb.o(.text)
    I2C1_ER_IRQHandler                       0x0800011f   Thumb Code     0  startup_stm32f103xb.o(.text)
    I2C1_EV_IRQHandler                       0x0800011f   Thumb Code     0  startup_stm32f103xb.o(.text)
    I2C2_ER_IRQHandler                       0x0800011f   Thumb Code     0  startup_stm32f103xb.o(.text)
    I2C2_EV_IRQHandler                       0x0800011f   Thumb Code     0  startup_stm32f103xb.o(.text)
    PVD_IRQHandler                           0x0800011f   Thumb Code     0  startup_stm32f103xb.o(.text)
    RCC_IRQHandler                           0x0800011f   Thumb Code     0  startup_stm32f103xb.o(.text)
    RTC_Alarm_IRQHandler                     0x0800011f   Thumb Code     0  startup_stm32f103xb.o(.text)
    RTC_IRQHandler                           0x0800011f   Thumb Code     0  startup_stm32f103xb.o(.text)
    SPI2_IRQHandler                          0x0800011f   Thumb Code     0  startup_stm32f103xb.o(.text)
    TAMPER_IRQHandler                        0x0800011f   Thumb Code     0  startup_stm32f103xb.o(.text)
    TIM1_BRK_IRQHandler                      0x0800011f   Thumb Code     0  startup_stm32f103xb.o(.text)
    TIM1_CC_IRQHandler                       0x0800011f   Thumb Code     0  startup_stm32f103xb.o(.text)
    TIM1_TRG_COM_IRQHandler                  0x0800011f   Thumb Code     0  startup_stm32f103xb.o(.text)
    TIM1_UP_IRQHandler                       0x0800011f   Thumb Code     0  startup_stm32f103xb.o(.text)
    TIM2_IRQHandler                          0x0800011f   Thumb Code     0  startup_stm32f103xb.o(.text)
    TIM3_IRQHandler                          0x0800011f   Thumb Code     0  startup_stm32f103xb.o(.text)
    TIM4_IRQHandler                          0x0800011f   Thumb Code     0  startup_stm32f103xb.o(.text)
    USART2_IRQHandler                        0x0800011f   Thumb Code     0  startup_stm32f103xb.o(.text)
    USART3_IRQHandler                        0x0800011f   Thumb Code     0  startup_stm32f103xb.o(.text)
    USBWakeUp_IRQHandler                     0x0800011f   Thumb Code     0  startup_stm32f103xb.o(.text)
    USB_HP_CAN1_TX_IRQHandler                0x0800011f   Thumb Code     0  startup_stm32f103xb.o(.text)
    USB_LP_CAN1_RX0_IRQHandler               0x0800011f   Thumb Code     0  startup_stm32f103xb.o(.text)
    WWDG_IRQHandler                          0x0800011f   Thumb Code     0  startup_stm32f103xb.o(.text)
    __aeabi_llsr                             0x08000129   Thumb Code    32  llushr.o(.text)
    _ll_ushift_r                             0x08000129   Thumb Code     0  llushr.o(.text)
    __aeabi_memset                           0x08000149   Thumb Code    14  memseta.o(.text)
    __aeabi_memset4                          0x08000149   Thumb Code     0  memseta.o(.text)
    __aeabi_memset8                          0x08000149   Thumb Code     0  memseta.o(.text)
    __aeabi_memclr                           0x08000157   Thumb Code     4  memseta.o(.text)
    __aeabi_memclr4                          0x08000157   Thumb Code     0  memseta.o(.text)
    __aeabi_memclr8                          0x08000157   Thumb Code     0  memseta.o(.text)
    _memset$wrapper                          0x0800015b   Thumb Code    18  memseta.o(.text)
    __scatterload                            0x0800016d   Thumb Code    28  init.o(.text)
    __scatterload_rt2                        0x0800016d   Thumb Code     0  init.o(.text)
    AT24C64_R_Byte                           0x08000191   Thumb Code    32  at24c64.o(i.AT24C64_R_Byte)
    AT24C64_R_Bytes                          0x080001b5   Thumb Code    48  at24c64.o(i.AT24C64_R_Bytes)
    AT24C64_W_Byte                           0x08000201   Thumb Code    30  at24c64.o(i.AT24C64_W_Byte)
    AT24C64_W_Bytes                          0x08000225   Thumb Code    90  at24c64.o(i.AT24C64_W_Bytes)
    App_bootloader_check_default             0x0800029d   Thumb Code   142  app_bootloader.o(i.App_bootloader_check_default)
    App_bootloader_check_update              0x08000339   Thumb Code   148  app_bootloader.o(i.App_bootloader_check_update)
    App_bootloader_copy_and_jump             0x080003d1   Thumb Code    36  app_bootloader.o(i.App_bootloader_copy_and_jump)
    App_bootloader_update                    0x080003fd   Thumb Code    98  app_bootloader.o(i.App_bootloader_update)
    Boot_CopyFlash                           0x08000469   Thumb Code    72  bootloader.o(i.Boot_CopyFlash)
    Boot_EraseFlash                          0x080004b5   Thumb Code    38  bootloader.o(i.Boot_EraseFlash)
    Boot_GetActiveBank                       0x080004e1   Thumb Code    20  bootloader.o(i.Boot_GetActiveBank)
    Boot_JumpToApp                           0x080004fd   Thumb Code    72  bootloader.o(i.Boot_JumpToApp)
    Boot_SetActiveBank                       0x0800054d   Thumb Code    18  bootloader.o(i.Boot_SetActiveBank)
    Boot_StartUartIap                        0x08000565   Thumb Code    74  bootloader.o(i.Boot_StartUartIap)
    BusFault_Handler                         0x080005c5   Thumb Code     2  stm32f1xx_it.o(i.BusFault_Handler)
    DMA1_Channel2_IRQHandler                 0x080005c9   Thumb Code     6  stm32f1xx_it.o(i.DMA1_Channel2_IRQHandler)
    DMA1_Channel3_IRQHandler                 0x080005d5   Thumb Code     6  stm32f1xx_it.o(i.DMA1_Channel3_IRQHandler)
    DebugMon_Handler                         0x080005e1   Thumb Code     2  stm32f1xx_it.o(i.DebugMon_Handler)
    EXTI0_IRQHandler                         0x080005e3   Thumb Code     6  stm32f1xx_it.o(i.EXTI0_IRQHandler)
    EXTI15_10_IRQHandler                     0x080005e9   Thumb Code     8  stm32f1xx_it.o(i.EXTI15_10_IRQHandler)
    Error_Handler                            0x080005f1   Thumb Code     4  main.o(i.Error_Handler)
    FLASH_PageErase                          0x08000619   Thumb Code    28  stm32f1xx_hal_flash_ex.o(i.FLASH_PageErase)
    FLASH_WaitForLastOperation               0x080006b5   Thumb Code    80  stm32f1xx_hal_flash.o(i.FLASH_WaitForLastOperation)
    HAL_DMA_Abort                            0x08000709   Thumb Code    70  stm32f1xx_hal_dma.o(i.HAL_DMA_Abort)
    HAL_DMA_Abort_IT                         0x08000751   Thumb Code   148  stm32f1xx_hal_dma.o(i.HAL_DMA_Abort_IT)
    HAL_DMA_IRQHandler                       0x080007e9   Thumb Code   320  stm32f1xx_hal_dma.o(i.HAL_DMA_IRQHandler)
    HAL_DMA_Init                             0x08000941   Thumb Code    84  stm32f1xx_hal_dma.o(i.HAL_DMA_Init)
    HAL_Delay                                0x0800099d   Thumb Code    32  stm32f1xx_hal.o(i.HAL_Delay)
    HAL_FLASHEx_Erase                        0x080009c1   Thumb Code   160  stm32f1xx_hal_flash_ex.o(i.HAL_FLASHEx_Erase)
    HAL_FLASH_Lock                           0x08000a69   Thumb Code    14  stm32f1xx_hal_flash.o(i.HAL_FLASH_Lock)
    HAL_FLASH_Program                        0x08000a7d   Thumb Code   122  stm32f1xx_hal_flash.o(i.HAL_FLASH_Program)
    HAL_FLASH_Unlock                         0x08000b01   Thumb Code    28  stm32f1xx_hal_flash.o(i.HAL_FLASH_Unlock)
    HAL_GPIO_EXTI_Callback                   0x08000b29   Thumb Code     2  stm32f1xx_hal_gpio.o(i.HAL_GPIO_EXTI_Callback)
    HAL_GPIO_EXTI_IRQHandler                 0x08000b2d   Thumb Code    18  stm32f1xx_hal_gpio.o(i.HAL_GPIO_EXTI_IRQHandler)
    HAL_GPIO_Init                            0x08000b45   Thumb Code   426  stm32f1xx_hal_gpio.o(i.HAL_GPIO_Init)
    HAL_GPIO_ReadPin                         0x08000d11   Thumb Code    10  stm32f1xx_hal_gpio.o(i.HAL_GPIO_ReadPin)
    HAL_GPIO_WritePin                        0x08000d1b   Thumb Code    10  stm32f1xx_hal_gpio.o(i.HAL_GPIO_WritePin)
    HAL_GetTick                              0x08000d25   Thumb Code     6  stm32f1xx_hal.o(i.HAL_GetTick)
    HAL_I2C_Init                             0x08000d31   Thumb Code   376  stm32f1xx_hal_i2c.o(i.HAL_I2C_Init)
    HAL_I2C_Mem_Read                         0x08000eb9   Thumb Code   586  stm32f1xx_hal_i2c.o(i.HAL_I2C_Mem_Read)
    HAL_I2C_Mem_Write                        0x08001115   Thumb Code   294  stm32f1xx_hal_i2c.o(i.HAL_I2C_Mem_Write)
    HAL_I2C_MspInit                          0x08001245   Thumb Code    80  i2c.o(i.HAL_I2C_MspInit)
    HAL_IncTick                              0x080012a1   Thumb Code    12  stm32f1xx_hal.o(i.HAL_IncTick)
    HAL_Init                                 0x080012b1   Thumb Code    32  stm32f1xx_hal.o(i.HAL_Init)
    HAL_InitTick                             0x080012d5   Thumb Code    54  stm32f1xx_hal.o(i.HAL_InitTick)
    HAL_MspInit                              0x08001315   Thumb Code    52  stm32f1xx_hal_msp.o(i.HAL_MspInit)
    HAL_NVIC_EnableIRQ                       0x08001351   Thumb Code    26  stm32f1xx_hal_cortex.o(i.HAL_NVIC_EnableIRQ)
    HAL_NVIC_SetPriority                     0x0800136d   Thumb Code    60  stm32f1xx_hal_cortex.o(i.HAL_NVIC_SetPriority)
    HAL_NVIC_SetPriorityGrouping             0x080013ad   Thumb Code    26  stm32f1xx_hal_cortex.o(i.HAL_NVIC_SetPriorityGrouping)
    HAL_RCC_ClockConfig                      0x080013d1   Thumb Code   292  stm32f1xx_hal_rcc.o(i.HAL_RCC_ClockConfig)
    HAL_RCC_GetPCLK1Freq                     0x08001509   Thumb Code    20  stm32f1xx_hal_rcc.o(i.HAL_RCC_GetPCLK1Freq)
    HAL_RCC_GetPCLK2Freq                     0x08001529   Thumb Code    20  stm32f1xx_hal_rcc.o(i.HAL_RCC_GetPCLK2Freq)
    HAL_RCC_GetSysClockFreq                  0x08001549   Thumb Code    58  stm32f1xx_hal_rcc.o(i.HAL_RCC_GetSysClockFreq)
    HAL_RCC_OscConfig                        0x08001595   Thumb Code   770  stm32f1xx_hal_rcc.o(i.HAL_RCC_OscConfig)
    HAL_SPI_ErrorCallback                    0x080018ad   Thumb Code     2  stm32f1xx_hal_spi.o(i.HAL_SPI_ErrorCallback)
    HAL_SPI_IRQHandler                       0x080018b1   Thumb Code   220  stm32f1xx_hal_spi.o(i.HAL_SPI_IRQHandler)
    HAL_SPI_Init                             0x08001991   Thumb Code   178  stm32f1xx_hal_spi.o(i.HAL_SPI_Init)
    HAL_SPI_MspInit                          0x08001a45   Thumb Code   196  spi.o(i.HAL_SPI_MspInit)
    HAL_SPI_TransmitReceive                  0x08001b1d   Thumb Code   486  stm32f1xx_hal_spi.o(i.HAL_SPI_TransmitReceive)
    HAL_SYSTICK_Config                       0x08001d03   Thumb Code    40  stm32f1xx_hal_cortex.o(i.HAL_SYSTICK_Config)
    HAL_UARTEx_ReceiveToIdle_IT              0x08001d2b   Thumb Code    86  stm32f1xx_hal_uart.o(i.HAL_UARTEx_ReceiveToIdle_IT)
    HAL_UARTEx_RxEventCallback               0x08001d81   Thumb Code    76  usart.o(i.HAL_UARTEx_RxEventCallback)
    HAL_UART_ErrorCallback                   0x08001dd9   Thumb Code    56  usart.o(i.HAL_UART_ErrorCallback)
    HAL_UART_IRQHandler                      0x08001e1d   Thumb Code   616  stm32f1xx_hal_uart.o(i.HAL_UART_IRQHandler)
    HAL_UART_Init                            0x08002089   Thumb Code   100  stm32f1xx_hal_uart.o(i.HAL_UART_Init)
    HAL_UART_MspInit                         0x080020ed   Thumb Code   116  usart.o(i.HAL_UART_MspInit)
    HAL_UART_RxCpltCallback                  0x0800216d   Thumb Code     2  stm32f1xx_hal_uart.o(i.HAL_UART_RxCpltCallback)
    HAL_UART_Transmit                        0x0800216f   Thumb Code   160  stm32f1xx_hal_uart.o(i.HAL_UART_Transmit)
    HAL_UART_TxCpltCallback                  0x0800220f   Thumb Code     2  stm32f1xx_hal_uart.o(i.HAL_UART_TxCpltCallback)
    HardFault_Handler                        0x08002211   Thumb Code     2  stm32f1xx_it.o(i.HardFault_Handler)
    IAP_Process                              0x08002649   Thumb Code   206  iap.o(i.IAP_Process)
    IAP_Start                                0x08002729   Thumb Code    20  iap.o(i.IAP_Start)
    MX_GPIO_Init                             0x08002745   Thumb Code   272  gpio.o(i.MX_GPIO_Init)
    MX_I2C1_Init                             0x08002869   Thumb Code    50  i2c.o(i.MX_I2C1_Init)
    MX_SPI1_Init                             0x080028a9   Thumb Code    62  spi.o(i.MX_SPI1_Init)
    MX_USART1_UART_Init                      0x080028f1   Thumb Code    48  usart.o(i.MX_USART1_UART_Init)
    MemManage_Handler                        0x08002929   Thumb Code     2  stm32f1xx_it.o(i.MemManage_Handler)
    NMI_Handler                              0x0800292b   Thumb Code     2  stm32f1xx_it.o(i.NMI_Handler)
    OTA_Receive                              0x0800292d   Thumb Code   392  ota.o(i.OTA_Receive)
    PendSV_Handler                           0x08002b05   Thumb Code     2  stm32f1xx_it.o(i.PendSV_Handler)
    Protocol_CalcCRC16                       0x08002b09   Thumb Code    36  protocol.o(i.Protocol_CalcCRC16)
    Protocol_Init                            0x08002b31   Thumb Code    16  protocol.o(i.Protocol_Init)
    Protocol_ProcessByte                     0x08002b41   Thumb Code   326  protocol.o(i.Protocol_ProcessByte)
    Protocol_SendACK                         0x08002c87   Thumb Code    12  protocol.o(i.Protocol_SendACK)
    Protocol_SendFrame                       0x08002c95   Thumb Code   116  protocol.o(i.Protocol_SendFrame)
    Protocol_SendNAK                         0x08002d0d   Thumb Code    12  protocol.o(i.Protocol_SendNAK)
    SPI1_IRQHandler                          0x08002d19   Thumb Code     6  stm32f1xx_it.o(i.SPI1_IRQHandler)
    SVC_Handler                              0x08002e21   Thumb Code     2  stm32f1xx_it.o(i.SVC_Handler)
    SysTick_Handler                          0x08002e23   Thumb Code     4  stm32f1xx_it.o(i.SysTick_Handler)
    SystemClock_Config                       0x08002e27   Thumb Code    92  main.o(i.SystemClock_Config)
    SystemInit                               0x08002e83   Thumb Code     2  system_stm32f1xx.o(i.SystemInit)
    UART_Start_Receive_IT                    0x0800305d   Thumb Code    54  stm32f1xx_hal_uart.o(i.UART_Start_Receive_IT)
    USART1_IRQHandler                        0x08003105   Thumb Code     6  stm32f1xx_it.o(i.USART1_IRQHandler)
    UsageFault_Handler                       0x08003111   Thumb Code     2  stm32f1xx_it.o(i.UsageFault_Handler)
    W25Q64_EraseSector                       0x08003115   Thumb Code    70  w25q64.o(i.W25Q64_EraseSector)
    W25Q64_ReadData                          0x08003161   Thumb Code    88  w25q64.o(i.W25Q64_ReadData)
    W25Q64_WaitNotBusy                       0x080031dd   Thumb Code    44  w25q64.o(i.W25Q64_WaitNotBusy)
    W25Q64_WriteData                         0x0800320d   Thumb Code    62  w25q64.o(i.W25Q64_WriteData)
    W25Q64_WriteEnable                       0x0800324d   Thumb Code    34  w25q64.o(i.W25Q64_WriteEnable)
    W25Q64_WritePage                         0x08003275   Thumb Code   104  w25q64.o(i.W25Q64_WritePage)
    __0printf$bare                           0x080032e1   Thumb Code     8  printfb.o(i.__0printf$bare)
    __1printf$bare                           0x080032e1   Thumb Code     0  printfb.o(i.__0printf$bare)
    __2printf                                0x080032e1   Thumb Code     0  printfb.o(i.__0printf$bare)
    __scatterload_copy                       0x08003333   Thumb Code    14  handlers.o(i.__scatterload_copy)
    __scatterload_null                       0x08003341   Thumb Code     2  handlers.o(i.__scatterload_null)
    __scatterload_zeroinit                   0x08003343   Thumb Code    14  handlers.o(i.__scatterload_zeroinit)
    copy_w25q64_to_flash                     0x08003375   Thumb Code    96  app_bootloader.o(i.copy_w25q64_to_flash)
    erase_target_bank                        0x080033d9   Thumb Code    10  app_bootloader.o(i.erase_target_bank)
    fputc                                    0x080033e9   Thumb Code    18  usart.o(i.fputc)
    is_valid_firmware                        0x0800341d   Thumb Code    20  app_bootloader.o(i.is_valid_firmware)
    main                                     0x08003431   Thumb Code    42  main.o(i.main)
    switch_bank                              0x0800345d   Thumb Code    16  app_bootloader.o(i.switch_bank)
    uart_get_data                            0x08003471   Thumb Code    44  usart.o(i.uart_get_data)
    w25q64_save_meta                         0x08003525   Thumb Code    56  app_bootloader.o(i.w25q64_save_meta)
    AHBPrescTable                            0x0800356e   Data          16  system_stm32f1xx.o(.constdata)
    APBPrescTable                            0x0800357e   Data           8  system_stm32f1xx.o(.constdata)
    Region$$Table$$Base                      0x080037a8   Number         0  anon$$obj.o(Region$$Table)
    Region$$Table$$Limit                     0x080037c8   Number         0  anon$$obj.o(Region$$Table)
    uart_recv_done                           0x20000000   Data           1  usart.o(.data)
    uart_error_flag                          0x20000004   Data           1  usart.o(.data)
    last_rec_time                            0x20000008   Data           4  usart.o(.data)
    uwTickFreq                               0x2000000c   Data           1  stm32f1xx_hal.o(.data)
    uwTickPrio                               0x20000010   Data           4  stm32f1xx_hal.o(.data)
    uwTick                                   0x20000014   Data           4  stm32f1xx_hal.o(.data)
    SystemCoreClock                          0x20000018   Data           4  system_stm32f1xx.o(.data)
    g_boot_mode                              0x2000002c   Data           1  app_bootloader.o(.data)
    s_target_bank                            0x20000030   Data           4  app_bootloader.o(.data)
    __stdout                                 0x20000044   Data           4  stdout.o(.data)
    hi2c1                                    0x20000048   Data          84  i2c.o(.bss)
    hspi1                                    0x2000009c   Data          88  spi.o(.bss)
    hdma_spi1_rx                             0x200000f4   Data          68  spi.o(.bss)
    hdma_spi1_tx                             0x20000138   Data          68  spi.o(.bss)
    uart_double_buff                         0x2000017c   Data         520  usart.o(.bss)
    huart1                                   0x20000384   Data          72  usart.o(.bss)
    pFlash                                   0x200003d0   Data          32  stm32f1xx_hal_flash.o(.bss)
    __initial_sp                             0x200007f0   Data           0  startup_stm32f103xb.o(STACK)



==============================================================================

Memory Map of the image

  Image Entry point : 0x080000ed

  Load Region LR_IROM1 (Base: 0x08000000, Size: 0x00003810, Max: 0x00004000, ABSOLUTE)

    Execution Region ER_IROM1 (Exec base: 0x08000000, Load base: 0x08000000, Size: 0x000037c8, Max: 0x00004000, ABSOLUTE)

    Exec Addr    Load Addr    Size         Type   Attr      Idx    E Section Name        Object

    0x08000000   0x08000000   0x000000ec   Data   RO            3    RESET               startup_stm32f103xb.o
    0x080000ec   0x080000ec   0x00000000   Code   RO         3136  * .ARM.Collect$$$$00000000  mc_w.l(entry.o)
    0x080000ec   0x080000ec   0x00000004   Code   RO         3403    .ARM.Collect$$$$00000001  mc_w.l(entry2.o)
    0x080000f0   0x080000f0   0x00000004   Code   RO         3406    .ARM.Collect$$$$00000004  mc_w.l(entry5.o)
    0x080000f4   0x080000f4   0x00000000   Code   RO         3408    .ARM.Collect$$$$00000008  mc_w.l(entry7b.o)
    0x080000f4   0x080000f4   0x00000000   Code   RO         3410    .ARM.Collect$$$$0000000A  mc_w.l(entry8b.o)
    0x080000f4   0x080000f4   0x00000008   Code   RO         3411    .ARM.Collect$$$$0000000B  mc_w.l(entry9a.o)
    0x080000fc   0x080000fc   0x00000004   Code   RO         3418    .ARM.Collect$$$$0000000E  mc_w.l(entry12b.o)
    0x08000100   0x08000100   0x00000000   Code   RO         3413    .ARM.Collect$$$$0000000F  mc_w.l(entry10a.o)
    0x08000100   0x08000100   0x00000000   Code   RO         3415    .ARM.Collect$$$$00000011  mc_w.l(entry11a.o)
    0x08000100   0x08000100   0x00000004   Code   RO         3404    .ARM.Collect$$$$00002712  mc_w.l(entry2.o)
    0x08000104   0x08000104   0x00000024   Code   RO            4    .text               startup_stm32f103xb.o
    0x08000128   0x08000128   0x00000020   Code   RO         3139    .text               mc_w.l(llushr.o)
    0x08000148   0x08000148   0x00000024   Code   RO         3141    .text               mc_w.l(memseta.o)
    0x0800016c   0x0800016c   0x00000024   Code   RO         3435    .text               mc_w.l(init.o)
    0x08000190   0x08000190   0x00000024   Code   RO         2783    i.AT24C64_R_Byte    at24c64.o
    0x080001b4   0x080001b4   0x0000004c   Code   RO         2784    i.AT24C64_R_Bytes   at24c64.o
    0x08000200   0x08000200   0x00000024   Code   RO         2785    i.AT24C64_W_Byte    at24c64.o
    0x08000224   0x08000224   0x00000078   Code   RO         2786    i.AT24C64_W_Bytes   at24c64.o
    0x0800029c   0x0800029c   0x0000009c   Code   RO         3047    i.App_bootloader_check_default  app_bootloader.o
    0x08000338   0x08000338   0x00000098   Code   RO         3048    i.App_bootloader_check_update  app_bootloader.o
    0x080003d0   0x080003d0   0x0000002c   Code   RO         3049    i.App_bootloader_copy_and_jump  app_bootloader.o
    0x080003fc   0x080003fc   0x0000006c   Code   RO         3050    i.App_bootloader_update  app_bootloader.o
    0x08000468   0x08000468   0x0000004c   Code   RO         2707    i.Boot_CopyFlash    bootloader.o
    0x080004b4   0x080004b4   0x0000002c   Code   RO         2708    i.Boot_EraseFlash   bootloader.o
    0x080004e0   0x080004e0   0x0000001c   Code   RO         2709    i.Boot_GetActiveBank  bootloader.o
    0x080004fc   0x080004fc   0x00000050   Code   RO         2710    i.Boot_JumpToApp    bootloader.o
    0x0800054c   0x0800054c   0x00000018   Code   RO         2711    i.Boot_SetActiveBank  bootloader.o
    0x08000564   0x08000564   0x00000060   Code   RO         2712    i.Boot_StartUartIap  bootloader.o
    0x080005c4   0x080005c4   0x00000002   Code   RO          398    i.BusFault_Handler  stm32f1xx_it.o
    0x080005c6   0x080005c6   0x00000002   PAD
    0x080005c8   0x080005c8   0x0000000c   Code   RO          399    i.DMA1_Channel2_IRQHandler  stm32f1xx_it.o
    0x080005d4   0x080005d4   0x0000000c   Code   RO          400    i.DMA1_Channel3_IRQHandler  stm32f1xx_it.o
    0x080005e0   0x080005e0   0x00000002   Code   RO          401    i.DebugMon_Handler  stm32f1xx_it.o
    0x080005e2   0x080005e2   0x00000006   Code   RO          402    i.EXTI0_IRQHandler  stm32f1xx_it.o
    0x080005e8   0x080005e8   0x00000008   Code   RO          403    i.EXTI15_10_IRQHandler  stm32f1xx_it.o
    0x080005f0   0x080005f0   0x00000004   Code   RO           13    i.Error_Handler     main.o
    0x080005f4   0x080005f4   0x00000024   Code   RO         1827    i.FLASH_MassErase   stm32f1xx_hal_flash_ex.o
    0x08000618   0x08000618   0x00000024   Code   RO         1832    i.FLASH_PageErase   stm32f1xx_hal_flash_ex.o
    0x0800063c   0x0800063c   0x0000001c   Code   RO         1724    i.FLASH_Program_HalfWord  stm32f1xx_hal_flash.o
    0x08000658   0x08000658   0x0000005c   Code   RO         1725    i.FLASH_SetErrorCode  stm32f1xx_hal_flash.o
    0x080006b4   0x080006b4   0x00000054   Code   RO         1726    i.FLASH_WaitForLastOperation  stm32f1xx_hal_flash.o
    0x08000708   0x08000708   0x00000046   Code   RO         1388    i.HAL_DMA_Abort     stm32f1xx_hal_dma.o
    0x0800074e   0x0800074e   0x00000002   PAD
    0x08000750   0x08000750   0x00000098   Code   RO         1389    i.HAL_DMA_Abort_IT  stm32f1xx_hal_dma.o
    0x080007e8   0x080007e8   0x00000158   Code   RO         1393    i.HAL_DMA_IRQHandler  stm32f1xx_hal_dma.o
    0x08000940   0x08000940   0x0000005c   Code   RO         1394    i.HAL_DMA_Init      stm32f1xx_hal_dma.o
    0x0800099c   0x0800099c   0x00000024   Code   RO         1014    i.HAL_Delay         stm32f1xx_hal.o
    0x080009c0   0x080009c0   0x000000a8   Code   RO         1833    i.HAL_FLASHEx_Erase  stm32f1xx_hal_flash_ex.o
    0x08000a68   0x08000a68   0x00000014   Code   RO         1730    i.HAL_FLASH_Lock    stm32f1xx_hal_flash.o
    0x08000a7c   0x08000a7c   0x00000084   Code   RO         1735    i.HAL_FLASH_Program  stm32f1xx_hal_flash.o
    0x08000b00   0x08000b00   0x00000028   Code   RO         1737    i.HAL_FLASH_Unlock  stm32f1xx_hal_flash.o
    0x08000b28   0x08000b28   0x00000002   Code   RO         1322    i.HAL_GPIO_EXTI_Callback  stm32f1xx_hal_gpio.o
    0x08000b2a   0x08000b2a   0x00000002   PAD
    0x08000b2c   0x08000b2c   0x00000018   Code   RO         1323    i.HAL_GPIO_EXTI_IRQHandler  stm32f1xx_hal_gpio.o
    0x08000b44   0x08000b44   0x000001cc   Code   RO         1324    i.HAL_GPIO_Init     stm32f1xx_hal_gpio.o
    0x08000d10   0x08000d10   0x0000000a   Code   RO         1326    i.HAL_GPIO_ReadPin  stm32f1xx_hal_gpio.o
    0x08000d1a   0x08000d1a   0x0000000a   Code   RO         1328    i.HAL_GPIO_WritePin  stm32f1xx_hal_gpio.o
    0x08000d24   0x08000d24   0x0000000c   Code   RO         1018    i.HAL_GetTick       stm32f1xx_hal.o
    0x08000d30   0x08000d30   0x00000188   Code   RO          581    i.HAL_I2C_Init      stm32f1xx_hal_i2c.o
    0x08000eb8   0x08000eb8   0x0000025c   Code   RO          599    i.HAL_I2C_Mem_Read  stm32f1xx_hal_i2c.o
    0x08001114   0x08001114   0x00000130   Code   RO          602    i.HAL_I2C_Mem_Write  stm32f1xx_hal_i2c.o
    0x08001244   0x08001244   0x0000005c   Code   RO          229    i.HAL_I2C_MspInit   i2c.o
    0x080012a0   0x080012a0   0x00000010   Code   RO         1024    i.HAL_IncTick       stm32f1xx_hal.o
    0x080012b0   0x080012b0   0x00000024   Code   RO         1025    i.HAL_Init          stm32f1xx_hal.o
    0x080012d4   0x080012d4   0x00000040   Code   RO         1026    i.HAL_InitTick      stm32f1xx_hal.o
    0x08001314   0x08001314   0x0000003c   Code   RO          510    i.HAL_MspInit       stm32f1xx_hal_msp.o
    0x08001350   0x08001350   0x0000001a   Code   RO         1484    i.HAL_NVIC_EnableIRQ  stm32f1xx_hal_cortex.o
    0x0800136a   0x0800136a   0x00000002   PAD
    0x0800136c   0x0800136c   0x00000040   Code   RO         1490    i.HAL_NVIC_SetPriority  stm32f1xx_hal_cortex.o
    0x080013ac   0x080013ac   0x00000024   Code   RO         1491    i.HAL_NVIC_SetPriorityGrouping  stm32f1xx_hal_cortex.o
    0x080013d0   0x080013d0   0x00000138   Code   RO         1182    i.HAL_RCC_ClockConfig  stm32f1xx_hal_rcc.o
    0x08001508   0x08001508   0x00000020   Code   RO         1189    i.HAL_RCC_GetPCLK1Freq  stm32f1xx_hal_rcc.o
    0x08001528   0x08001528   0x00000020   Code   RO         1190    i.HAL_RCC_GetPCLK2Freq  stm32f1xx_hal_rcc.o
    0x08001548   0x08001548   0x0000004c   Code   RO         1191    i.HAL_RCC_GetSysClockFreq  stm32f1xx_hal_rcc.o
    0x08001594   0x08001594   0x00000318   Code   RO         1194    i.HAL_RCC_OscConfig  stm32f1xx_hal_rcc.o
    0x080018ac   0x080018ac   0x00000002   Code   RO         1991    i.HAL_SPI_ErrorCallback  stm32f1xx_hal_spi.o
    0x080018ae   0x080018ae   0x00000002   PAD
    0x080018b0   0x080018b0   0x000000e0   Code   RO         1994    i.HAL_SPI_IRQHandler  stm32f1xx_hal_spi.o
    0x08001990   0x08001990   0x000000b2   Code   RO         1995    i.HAL_SPI_Init      stm32f1xx_hal_spi.o
    0x08001a42   0x08001a42   0x00000002   PAD
    0x08001a44   0x08001a44   0x000000d8   Code   RO          271    i.HAL_SPI_MspInit   spi.o
    0x08001b1c   0x08001b1c   0x000001e6   Code   RO         2004    i.HAL_SPI_TransmitReceive  stm32f1xx_hal_spi.o
    0x08001d02   0x08001d02   0x00000028   Code   RO         1495    i.HAL_SYSTICK_Config  stm32f1xx_hal_cortex.o
    0x08001d2a   0x08001d2a   0x00000056   Code   RO         2317    i.HAL_UARTEx_ReceiveToIdle_IT  stm32f1xx_hal_uart.o
    0x08001d80   0x08001d80   0x00000058   Code   RO          312    i.HAL_UARTEx_RxEventCallback  usart.o
    0x08001dd8   0x08001dd8   0x00000044   Code   RO          313    i.HAL_UART_ErrorCallback  usart.o
    0x08001e1c   0x08001e1c   0x0000026c   Code   RO         2335    i.HAL_UART_IRQHandler  stm32f1xx_hal_uart.o
    0x08002088   0x08002088   0x00000064   Code   RO         2336    i.HAL_UART_Init     stm32f1xx_hal_uart.o
    0x080020ec   0x080020ec   0x00000080   Code   RO          315    i.HAL_UART_MspInit  usart.o
    0x0800216c   0x0800216c   0x00000002   Code   RO         2342    i.HAL_UART_RxCpltCallback  stm32f1xx_hal_uart.o
    0x0800216e   0x0800216e   0x000000a0   Code   RO         2344    i.HAL_UART_Transmit  stm32f1xx_hal_uart.o
    0x0800220e   0x0800220e   0x00000002   Code   RO         2347    i.HAL_UART_TxCpltCallback  stm32f1xx_hal_uart.o
    0x08002210   0x08002210   0x00000002   Code   RO          404    i.HardFault_Handler  stm32f1xx_it.o
    0x08002212   0x08002212   0x0000002e   Code   RO          624    i.I2C_IsAcknowledgeFailed  stm32f1xx_hal_i2c.o
    0x08002240   0x08002240   0x000000fc   Code   RO          634    i.I2C_RequestMemoryRead  stm32f1xx_hal_i2c.o
    0x0800233c   0x0800233c   0x000000a8   Code   RO          635    i.I2C_RequestMemoryWrite  stm32f1xx_hal_i2c.o
    0x080023e4   0x080023e4   0x00000056   Code   RO          639    i.I2C_WaitOnBTFFlagUntilTimeout  stm32f1xx_hal_i2c.o
    0x0800243a   0x0800243a   0x00000088   Code   RO          640    i.I2C_WaitOnFlagUntilTimeout  stm32f1xx_hal_i2c.o
    0x080024c2   0x080024c2   0x000000ba   Code   RO          641    i.I2C_WaitOnMasterAddressFlagUntilTimeout  stm32f1xx_hal_i2c.o
    0x0800257c   0x0800257c   0x00000074   Code   RO          642    i.I2C_WaitOnRXNEFlagUntilTimeout  stm32f1xx_hal_i2c.o
    0x080025f0   0x080025f0   0x00000056   Code   RO          643    i.I2C_WaitOnTXEFlagUntilTimeout  stm32f1xx_hal_i2c.o
    0x08002646   0x08002646   0x00000002   PAD
    0x08002648   0x08002648   0x000000e0   Code   RO         2910    i.IAP_Process       iap.o
    0x08002728   0x08002728   0x0000001c   Code   RO         2911    i.IAP_Start         iap.o
    0x08002744   0x08002744   0x00000124   Code   RO          177    i.MX_GPIO_Init      gpio.o
    0x08002868   0x08002868   0x00000040   Code   RO          230    i.MX_I2C1_Init      i2c.o
    0x080028a8   0x080028a8   0x00000048   Code   RO          272    i.MX_SPI1_Init      spi.o
    0x080028f0   0x080028f0   0x00000038   Code   RO          316    i.MX_USART1_UART_Init  usart.o
    0x08002928   0x08002928   0x00000002   Code   RO          405    i.MemManage_Handler  stm32f1xx_it.o
    0x0800292a   0x0800292a   0x00000002   Code   RO          406    i.NMI_Handler       stm32f1xx_it.o
    0x0800292c   0x0800292c   0x000001d8   Code   RO         2955    i.OTA_Receive       ota.o
    0x08002b04   0x08002b04   0x00000002   Code   RO          407    i.PendSV_Handler    stm32f1xx_it.o
    0x08002b06   0x08002b06   0x00000002   PAD
    0x08002b08   0x08002b08   0x00000028   Code   RO         2991    i.Protocol_CalcCRC16  protocol.o
    0x08002b30   0x08002b30   0x00000010   Code   RO         2992    i.Protocol_Init     protocol.o
    0x08002b40   0x08002b40   0x00000146   Code   RO         2993    i.Protocol_ProcessByte  protocol.o
    0x08002c86   0x08002c86   0x0000000c   Code   RO         2994    i.Protocol_SendACK  protocol.o
    0x08002c92   0x08002c92   0x00000002   PAD
    0x08002c94   0x08002c94   0x00000078   Code   RO         2995    i.Protocol_SendFrame  protocol.o
    0x08002d0c   0x08002d0c   0x0000000c   Code   RO         2996    i.Protocol_SendNAK  protocol.o
    0x08002d18   0x08002d18   0x0000000c   Code   RO          408    i.SPI1_IRQHandler   stm32f1xx_it.o
    0x08002d24   0x08002d24   0x00000010   Code   RO         2022    i.SPI_DMAAbortOnError  stm32f1xx_hal_spi.o
    0x08002d34   0x08002d34   0x00000034   Code   RO         2033    i.SPI_EndRxTxTransaction  stm32f1xx_hal_spi.o
    0x08002d68   0x08002d68   0x000000b8   Code   RO         2038    i.SPI_WaitFlagStateUntilTimeout  stm32f1xx_hal_spi.o
    0x08002e20   0x08002e20   0x00000002   Code   RO          409    i.SVC_Handler       stm32f1xx_it.o
    0x08002e22   0x08002e22   0x00000004   Code   RO          410    i.SysTick_Handler   stm32f1xx_it.o
    0x08002e26   0x08002e26   0x0000005c   Code   RO           14    i.SystemClock_Config  main.o
    0x08002e82   0x08002e82   0x00000002   Code   RO         2670    i.SystemInit        system_stm32f1xx.o
    0x08002e84   0x08002e84   0x00000010   Code   RO         2349    i.UART_DMAAbortOnError  stm32f1xx_hal_uart.o
    0x08002e94   0x08002e94   0x0000004e   Code   RO         2359    i.UART_EndRxTransfer  stm32f1xx_hal_uart.o
    0x08002ee2   0x08002ee2   0x000000c2   Code   RO         2361    i.UART_Receive_IT   stm32f1xx_hal_uart.o
    0x08002fa4   0x08002fa4   0x000000b8   Code   RO         2362    i.UART_SetConfig    stm32f1xx_hal_uart.o
    0x0800305c   0x0800305c   0x00000036   Code   RO         2364    i.UART_Start_Receive_IT  stm32f1xx_hal_uart.o
    0x08003092   0x08003092   0x00000070   Code   RO         2365    i.UART_WaitOnFlagUntilTimeout  stm32f1xx_hal_uart.o
    0x08003102   0x08003102   0x00000002   PAD
    0x08003104   0x08003104   0x0000000c   Code   RO          411    i.USART1_IRQHandler  stm32f1xx_it.o
    0x08003110   0x08003110   0x00000002   Code   RO          412    i.UsageFault_Handler  stm32f1xx_it.o
    0x08003112   0x08003112   0x00000002   PAD
    0x08003114   0x08003114   0x0000004c   Code   RO         2825    i.W25Q64_EraseSector  w25q64.o
    0x08003160   0x08003160   0x0000005c   Code   RO         2827    i.W25Q64_ReadData   w25q64.o
    0x080031bc   0x080031bc   0x00000020   Code   RO         2829    i.W25Q64_SwapByte   w25q64.o
    0x080031dc   0x080031dc   0x00000030   Code   RO         2830    i.W25Q64_WaitNotBusy  w25q64.o
    0x0800320c   0x0800320c   0x0000003e   Code   RO         2831    i.W25Q64_WriteData  w25q64.o
    0x0800324a   0x0800324a   0x00000002   PAD
    0x0800324c   0x0800324c   0x00000028   Code   RO         2833    i.W25Q64_WriteEnable  w25q64.o
    0x08003274   0x08003274   0x0000006c   Code   RO         2834    i.W25Q64_WritePage  w25q64.o
    0x080032e0   0x080032e0   0x00000010   Code   RO         3144    i.__0printf$bare    mc_w.l(printfb.o)
    0x080032f0   0x080032f0   0x00000022   Code   RO         2713    i.__NVIC_DisableIRQ  bootloader.o
    0x08003312   0x08003312   0x00000020   Code   RO         1497    i.__NVIC_SetPriority  stm32f1xx_hal_cortex.o
    0x08003332   0x08003332   0x0000000e   Code   RO         3445    i.__scatterload_copy  mc_w.l(handlers.o)
    0x08003340   0x08003340   0x00000002   Code   RO         3446    i.__scatterload_null  mc_w.l(handlers.o)
    0x08003342   0x08003342   0x0000000e   Code   RO         3447    i.__scatterload_zeroinit  mc_w.l(handlers.o)
    0x08003350   0x08003350   0x00000022   Code   RO         3151    i._printf_core      mc_w.l(printfb.o)
    0x08003372   0x08003372   0x00000002   PAD
    0x08003374   0x08003374   0x00000064   Code   RO         3051    i.copy_w25q64_to_flash  app_bootloader.o
    0x080033d8   0x080033d8   0x00000010   Code   RO         3052    i.erase_target_bank  app_bootloader.o
    0x080033e8   0x080033e8   0x00000018   Code   RO          320    i.fputc             usart.o
    0x08003400   0x08003400   0x0000001c   Code   RO         3053    i.get_inactive_bank  app_bootloader.o
    0x0800341c   0x0800341c   0x00000014   Code   RO         3054    i.is_valid_firmware  app_bootloader.o
    0x08003430   0x08003430   0x0000002a   Code   RO           15    i.main              main.o
    0x0800345a   0x0800345a   0x00000002   PAD
    0x0800345c   0x0800345c   0x00000014   Code   RO         3055    i.switch_bank       app_bootloader.o
    0x08003470   0x08003470   0x00000030   Code   RO          321    i.uart_get_data     usart.o
    0x080034a0   0x080034a0   0x00000024   Code   RO         2956    i.uart_send_str     ota.o
    0x080034c4   0x080034c4   0x00000060   Code   RO         3056    i.w25q64_read_meta  app_bootloader.o
    0x08003524   0x08003524   0x00000038   Code   RO         3057    i.w25q64_save_meta  app_bootloader.o
    0x0800355c   0x0800355c   0x00000012   Data   RO         1195    .constdata          stm32f1xx_hal_rcc.o
    0x0800356e   0x0800356e   0x00000010   Data   RO         2671    .constdata          system_stm32f1xx.o
    0x0800357e   0x0800357e   0x00000008   Data   RO         2672    .constdata          system_stm32f1xx.o
    0x08003586   0x08003586   0x00000002   PAD
    0x08003588   0x08003588   0x00000020   Data   RO         2714    .constdata          bootloader.o
    0x080035a8   0x080035a8   0x00000200   Data   RO         2997    .constdata          protocol.o
    0x080037a8   0x080037a8   0x00000020   Data   RO         3443    Region$$Table       anon$$obj.o


    Execution Region RW_IRAM1 (Exec base: 0x20000000, Load base: 0x080037c8, Size: 0x000007f0, Max: 0x00005000, ABSOLUTE)

    Exec Addr    Load Addr    Size         Type   Attr      Idx    E Section Name        Object

    0x20000000   0x080037c8   0x00000001   Data   RW          323    .data               usart.o
    0x20000001   0x080037c9   0x00000003   PAD
    0x20000004   0x080037cc   0x00000008   Data   RW          324    .data               usart.o
    0x2000000c   0x080037d4   0x0000000c   Data   RW         1032    .data               stm32f1xx_hal.o
    0x20000018   0x080037e0   0x00000004   Data   RW         2673    .data               system_stm32f1xx.o
    0x2000001c   0x080037e4   0x00000010   Data   RW         2912    .data               iap.o
    0x2000002c   0x080037f4   0x00000018   Data   RW         3058    .data               app_bootloader.o
    0x20000044   0x0800380c   0x00000004   Data   RW         3419    .data               mc_w.l(stdout.o)
    0x20000048        -       0x00000054   Zero   RW          231    .bss                i2c.o
    0x2000009c        -       0x000000e0   Zero   RW          273    .bss                spi.o
    0x2000017c        -       0x00000250   Zero   RW          322    .bss                usart.o
    0x200003cc   0x08003810   0x00000004   PAD
    0x200003d0        -       0x00000020   Zero   RW         1738    .bss                stm32f1xx_hal_flash.o
    0x200003f0        -       0x00000400   Zero   RW            1    STACK               startup_stm32f103xb.o


==============================================================================

Image component sizes


      Code (inc. data)   RO Data    RW Data    ZI Data      Debug   Object Name

       796         76          0         24          0       7736   app_bootloader.o
       268         68          0          0          0       2642   at24c64.o
       382         54         32          0          0      38353   bootloader.o
       292         20          0          0          0        963   gpio.o
       156         26          0          0         84       1513   i2c.o
       252         26          0         16          0       1794   iap.o
       138          0          0          0          0     417656   main.o
       508         86          0          0          0       3130   ota.o
       526         16        512          0          0       4199   protocol.o
       288         30          0          0        224       1731   spi.o
        36          8        236          0       1024        772   startup_stm32f103xb.o
       164         28          0         12          0       5665   stm32f1xx_hal.o
       198         14          0          0          0      28751   stm32f1xx_hal_cortex.o
       658         36          0          0          0       3243   stm32f1xx_hal_dma.o
       396         48          0          0         32       4502   stm32f1xx_hal_flash.o
       240         26          0          0          0       3149   stm32f1xx_hal_flash_ex.o
       506         40          0          0          0       4431   stm32f1xx_hal_gpio.o
      2376         56          0          0          0      12686   stm32f1xx_hal_i2c.o
        60          8          0          0          0        818   stm32f1xx_hal_msp.o
      1244         84         18          0          0       5092   stm32f1xx_hal_rcc.o
      1142          8          0          0          0       6498   stm32f1xx_hal_spi.o
      1608         10          0          0          0      10256   stm32f1xx_hal_uart.o
        82         24          0          0          0       6072   stm32f1xx_it.o
         2          0         24          4          0       1031   system_stm32f1xx.o
       412         54          0          9        592       4622   usart.o
       458         30          0          0          0       4127   w25q64.o

    ----------------------------------------------------------------------
     13214        876        856         68       1960     581432   Object Totals
         0          0         32          0          0          0   (incl. Generated)
        26          0          2          3          4          0   (incl. Padding)

    ----------------------------------------------------------------------

      Code (inc. data)   RO Data    RW Data    ZI Data      Debug   Library Member Name

         0          0          0          0          0          0   entry.o
         0          0          0          0          0          0   entry10a.o
         0          0          0          0          0          0   entry11a.o
         4          0          0          0          0          0   entry12b.o
         8          4          0          0          0          0   entry2.o
         4          0          0          0          0          0   entry5.o
         0          0          0          0          0          0   entry7b.o
         0          0          0          0          0          0   entry8b.o
         8          4          0          0          0          0   entry9a.o
        30          0          0          0          0          0   handlers.o
        36          8          0          0          0         68   init.o
        32          0          0          0          0         68   llushr.o
        36          0          0          0          0        108   memseta.o
        50          8          0          0          0        152   printfb.o
         0          0          0          4          0          0   stdout.o

    ----------------------------------------------------------------------
       210         24          0          4          0        396   Library Totals
         2          0          0          0          0          0   (incl. Padding)

    ----------------------------------------------------------------------

      Code (inc. data)   RO Data    RW Data    ZI Data      Debug   Library Name

       208         24          0          4          0        396   mc_w.l

    ----------------------------------------------------------------------
       210         24          0          4          0        396   Library Totals

    ----------------------------------------------------------------------

==============================================================================


      Code (inc. data)   RO Data    RW Data    ZI Data      Debug   

     13424        900        856         72       1960     575220   Grand Totals
     13424        900        856         72       1960     575220   ELF Image Totals
     13424        900        856         72          0          0   ROM Totals

==============================================================================

    Total RO  Size (Code + RO Data)                14280 (  13.95kB)
    Total RW  Size (RW Data + ZI Data)              2032 (   1.98kB)
    Total ROM Size (Code + RO Data + RW Data)      14352 (  14.02kB)

==============================================================================

